2026-06-24 20:56:31.442 [main] INFO  com.atguigu.lease.web.app.AppWebApplication-Starting AppWebApplication using Java 17.0.17 with PID 9740 (D:\java-project\xaingmu\lease\web\web-app\target\classes started by lenovo in D:\java-project\xaingmu\lease)
2026-06-24 20:56:31.445 [main] INFO  com.atguigu.lease.web.app.AppWebApplication-No active profile set, falling back to 1 default profile: "default"
2026-06-24 20:56:32.269 [main] INFO  o.s.d.r.config.RepositoryConfigurationDelegate-Multiple Spring Data modules found, entering strict repository configuration mode
2026-06-24 20:56:32.270 [main] INFO  o.s.d.r.config.RepositoryConfigurationDelegate-Bootstrapping Spring Data Redis repositories in DEFAULT mode.
2026-06-24 20:56:32.299 [main] INFO  o.s.d.r.config.RepositoryConfigurationDelegate-Finished Spring Data repository scanning in 20 ms. Found 0 Redis repository interfaces.
2026-06-24 20:56:32.362 [main] WARN  org.mybatis.spring.mapper.ClassPathMapperScanner-Skipping MapperFactoryBean with name 'apartmentFacilityMapper' and 'com.atguigu.lease.web.app.mapper.ApartmentFacilityMapper' mapperInterface. Bean already defined with the same name!
2026-06-24 20:56:32.362 [main] WARN  org.mybatis.spring.mapper.ClassPathMapperScanner-Skipping MapperFactoryBean with name 'apartmentFeeValueMapper' and 'com.atguigu.lease.web.app.mapper.ApartmentFeeValueMapper' mapperInterface. Bean already defined with the same name!
2026-06-24 20:56:32.363 [main] WARN  org.mybatis.spring.mapper.ClassPathMapperScanner-Skipping MapperFactoryBean with name 'apartmentInfoMapper' and 'com.atguigu.lease.web.app.mapper.ApartmentInfoMapper' mapperInterface. Bean already defined with the same name!
2026-06-24 20:56:32.363 [main] WARN  org.mybatis.spring.mapper.ClassPathMapperScanner-Skipping MapperFactoryBean with name 'apartmentLabelMapper' and 'com.atguigu.lease.web.app.mapper.ApartmentLabelMapper' mapperInterface. Bean already defined with the same name!
2026-06-24 20:56:32.363 [main] WARN  org.mybatis.spring.mapper.ClassPathMapperScanner-Skipping MapperFactoryBean with name 'attrKeyMapper' and 'com.atguigu.lease.web.app.mapper.AttrKeyMapper' mapperInterface. Bean already defined with the same name!
2026-06-24 20:56:32.363 [main] WARN  org.mybatis.spring.mapper.ClassPathMapperScanner-Skipping MapperFactoryBean with name 'attrValueMapper' and 'com.atguigu.lease.web.app.mapper.AttrValueMapper' mapperInterface. Bean already defined with the same name!
2026-06-24 20:56:32.363 [main] WARN  org.mybatis.spring.mapper.ClassPathMapperScanner-Skipping MapperFactoryBean with name 'browsingHistoryMapper' and 'com.atguigu.lease.web.app.mapper.BrowsingHistoryMapper' mapperInterface. Bean already defined with the same name!
2026-06-24 20:56:32.363 [main] WARN  org.mybatis.spring.mapper.ClassPathMapperScanner-Skipping MapperFactoryBean with name 'cityInfoMapper' and 'com.atguigu.lease.web.app.mapper.CityInfoMapper' mapperInterface. Bean already defined with the same name!
2026-06-24 20:56:32.363 [main] WARN  org.mybatis.spring.mapper.ClassPathMapperScanner-Skipping MapperFactoryBean with name 'districtInfoMapper' and 'com.atguigu.lease.web.app.mapper.DistrictInfoMapper' mapperInterface. Bean already defined with the same name!
2026-06-24 20:56:32.363 [main] WARN  org.mybatis.spring.mapper.ClassPathMapperScanner-Skipping MapperFactoryBean with name 'facilityInfoMapper' and 'com.atguigu.lease.web.app.mapper.FacilityInfoMapper' mapperInterface. Bean already defined with the same name!
2026-06-24 20:56:32.363 [main] WARN  org.mybatis.spring.mapper.ClassPathMapperScanner-Skipping MapperFactoryBean with name 'feeKeyMapper' and 'com.atguigu.lease.web.app.mapper.FeeKeyMapper' mapperInterface. Bean already defined with the same name!
2026-06-24 20:56:32.363 [main] WARN  org.mybatis.spring.mapper.ClassPathMapperScanner-Skipping MapperFactoryBean with name 'feeValueMapper' and 'com.atguigu.lease.web.app.mapper.FeeValueMapper' mapperInterface. Bean already defined with the same name!
2026-06-24 20:56:32.363 [main] WARN  org.mybatis.spring.mapper.ClassPathMapperScanner-Skipping MapperFactoryBean with name 'graphInfoMapper' and 'com.atguigu.lease.web.app.mapper.GraphInfoMapper' mapperInterface. Bean already defined with the same name!
2026-06-24 20:56:32.363 [main] WARN  org.mybatis.spring.mapper.ClassPathMapperScanner-Skipping MapperFactoryBean with name 'labelInfoMapper' and 'com.atguigu.lease.web.app.mapper.LabelInfoMapper' mapperInterface. Bean already defined with the same name!
2026-06-24 20:56:32.363 [main] WARN  org.mybatis.spring.mapper.ClassPathMapperScanner-Skipping MapperFactoryBean with name 'leaseAgreementMapper' and 'com.atguigu.lease.web.app.mapper.LeaseAgreementMapper' mapperInterface. Bean already defined with the same name!
2026-06-24 20:56:32.363 [main] WARN  org.mybatis.spring.mapper.ClassPathMapperScanner-Skipping MapperFactoryBean with name 'leaseTermMapper' and 'com.atguigu.lease.web.app.mapper.LeaseTermMapper' mapperInterface. Bean already defined with the same name!
2026-06-24 20:56:32.363 [main] WARN  org.mybatis.spring.mapper.ClassPathMapperScanner-Skipping MapperFactoryBean with name 'paymentTypeMapper' and 'com.atguigu.lease.web.app.mapper.PaymentTypeMapper' mapperInterface. Bean already defined with the same name!
2026-06-24 20:56:32.363 [main] WARN  org.mybatis.spring.mapper.ClassPathMapperScanner-Skipping MapperFactoryBean with name 'provinceInfoMapper' and 'com.atguigu.lease.web.app.mapper.ProvinceInfoMapper' mapperInterface. Bean already defined with the same name!
2026-06-24 20:56:32.363 [main] WARN  org.mybatis.spring.mapper.ClassPathMapperScanner-Skipping MapperFactoryBean with name 'roomAttrValueMapper' and 'com.atguigu.lease.web.app.mapper.RoomAttrValueMapper' mapperInterface. Bean already defined with the same name!
2026-06-24 20:56:32.363 [main] WARN  org.mybatis.spring.mapper.ClassPathMapperScanner-Skipping MapperFactoryBean with name 'roomFacilityMapper' and 'com.atguigu.lease.web.app.mapper.RoomFacilityMapper' mapperInterface. Bean already defined with the same name!
2026-06-24 20:56:32.363 [main] WARN  org.mybatis.spring.mapper.ClassPathMapperScanner-Skipping MapperFactoryBean with name 'roomInfoMapper' and 'com.atguigu.lease.web.app.mapper.RoomInfoMapper' mapperInterface. Bean already defined with the same name!
2026-06-24 20:56:32.363 [main] WARN  org.mybatis.spring.mapper.ClassPathMapperScanner-Skipping MapperFactoryBean with name 'roomLabelMapper' and 'com.atguigu.lease.web.app.mapper.RoomLabelMapper' mapperInterface. Bean already defined with the same name!
2026-06-24 20:56:32.363 [main] WARN  org.mybatis.spring.mapper.ClassPathMapperScanner-Skipping MapperFactoryBean with name 'roomLeaseTermMapper' and 'com.atguigu.lease.web.app.mapper.RoomLeaseTermMapper' mapperInterface. Bean already defined with the same name!
2026-06-24 20:56:32.363 [main] WARN  org.mybatis.spring.mapper.ClassPathMapperScanner-Skipping MapperFactoryBean with name 'roomPaymentTypeMapper' and 'com.atguigu.lease.web.app.mapper.RoomPaymentTypeMapper' mapperInterface. Bean already defined with the same name!
2026-06-24 20:56:32.363 [main] WARN  org.mybatis.spring.mapper.ClassPathMapperScanner-Skipping MapperFactoryBean with name 'userInfoMapper' and 'com.atguigu.lease.web.app.mapper.UserInfoMapper' mapperInterface. Bean already defined with the same name!
2026-06-24 20:56:32.363 [main] WARN  org.mybatis.spring.mapper.ClassPathMapperScanner-Skipping MapperFactoryBean with name 'viewAppointmentMapper' and 'com.atguigu.lease.web.app.mapper.ViewAppointmentMapper' mapperInterface. Bean already defined with the same name!
2026-06-24 20:56:32.364 [main] WARN  org.mybatis.spring.mapper.ClassPathMapperScanner-No MyBatis mapper was found in '[com.atguigu.lease.web.app.mapper]' package. Please check your configuration.
2026-06-24 20:56:32.778 [main] INFO  o.s.boot.web.embedded.tomcat.TomcatWebServer-Tomcat initialized with port(s): 8081 (http)
2026-06-24 20:56:32.861 [main] INFO  o.s.b.w.s.c.ServletWebServerApplicationContext-Root WebApplicationContext: initialization completed in 1378 ms
2026-06-24 20:56:35.135 [main] INFO  o.s.b.actuate.endpoint.web.EndpointLinksResolver-Exposing 1 endpoint(s) beneath base path '/actuator'
2026-06-24 20:56:35.203 [main] INFO  o.s.boot.web.embedded.tomcat.TomcatWebServer-Tomcat started on port(s): 8081 (http) with context path ''
2026-06-24 20:56:35.213 [main] INFO  com.atguigu.lease.web.app.AppWebApplication-Started AppWebApplication in 4.055 seconds (process running for 4.753)
2026-06-24 20:57:22.988 [main] INFO  com.atguigu.lease.web.app.AppWebApplication-Starting AppWebApplication using Java 17.0.17 with PID 24040 (D:\java-project\xaingmu\lease\web\web-app\target\classes started by lenovo in D:\java-project\xaingmu\lease)
2026-06-24 20:57:22.990 [main] INFO  com.atguigu.lease.web.app.AppWebApplication-No active profile set, falling back to 1 default profile: "default"
2026-06-24 20:57:24.089 [main] INFO  o.s.d.r.config.RepositoryConfigurationDelegate-Multiple Spring Data modules found, entering strict repository configuration mode
2026-06-24 20:57:24.092 [main] INFO  o.s.d.r.config.RepositoryConfigurationDelegate-Bootstrapping Spring Data Redis repositories in DEFAULT mode.
2026-06-24 20:57:24.134 [main] INFO  o.s.d.r.config.RepositoryConfigurationDelegate-Finished Spring Data repository scanning in 28 ms. Found 0 Redis repository interfaces.
2026-06-24 20:57:24.250 [main] WARN  org.mybatis.spring.mapper.ClassPathMapperScanner-Skipping MapperFactoryBean with name 'apartmentFacilityMapper' and 'com.atguigu.lease.web.app.mapper.ApartmentFacilityMapper' mapperInterface. Bean already defined with the same name!
2026-06-24 20:57:24.250 [main] WARN  org.mybatis.spring.mapper.ClassPathMapperScanner-Skipping MapperFactoryBean with name 'apartmentFeeValueMapper' and 'com.atguigu.lease.web.app.mapper.ApartmentFeeValueMapper' mapperInterface. Bean already defined with the same name!
2026-06-24 20:57:24.250 [main] WARN  org.mybatis.spring.mapper.ClassPathMapperScanner-Skipping MapperFactoryBean with name 'apartmentInfoMapper' and 'com.atguigu.lease.web.app.mapper.ApartmentInfoMapper' mapperInterface. Bean already defined with the same name!
2026-06-24 20:57:24.250 [main] WARN  org.mybatis.spring.mapper.ClassPathMapperScanner-Skipping MapperFactoryBean with name 'apartmentLabelMapper' and 'com.atguigu.lease.web.app.mapper.ApartmentLabelMapper' mapperInterface. Bean already defined with the same name!
2026-06-24 20:57:24.250 [main] WARN  org.mybatis.spring.mapper.ClassPathMapperScanner-Skipping MapperFactoryBean with name 'attrKeyMapper' and 'com.atguigu.lease.web.app.mapper.AttrKeyMapper' mapperInterface. Bean already defined with the same name!
2026-06-24 20:57:24.250 [main] WARN  org.mybatis.spring.mapper.ClassPathMapperScanner-Skipping MapperFactoryBean with name 'attrValueMapper' and 'com.atguigu.lease.web.app.mapper.AttrValueMapper' mapperInterface. Bean already defined with the same name!
2026-06-24 20:57:24.250 [main] WARN  org.mybatis.spring.mapper.ClassPathMapperScanner-Skipping MapperFactoryBean with name 'browsingHistoryMapper' and 'com.atguigu.lease.web.app.mapper.BrowsingHistoryMapper' mapperInterface. Bean already defined with the same name!
2026-06-24 20:57:24.250 [main] WARN  org.mybatis.spring.mapper.ClassPathMapperScanner-Skipping MapperFactoryBean with name 'cityInfoMapper' and 'com.atguigu.lease.web.app.mapper.CityInfoMapper' mapperInterface. Bean already defined with the same name!
2026-06-24 20:57:24.250 [main] WARN  org.mybatis.spring.mapper.ClassPathMapperScanner-Skipping MapperFactoryBean with name 'districtInfoMapper' and 'com.atguigu.lease.web.app.mapper.DistrictInfoMapper' mapperInterface. Bean already defined with the same name!
2026-06-24 20:57:24.250 [main] WARN  org.mybatis.spring.mapper.ClassPathMapperScanner-Skipping MapperFactoryBean with name 'facilityInfoMapper' and 'com.atguigu.lease.web.app.mapper.FacilityInfoMapper' mapperInterface. Bean already defined with the same name!
2026-06-24 20:57:24.250 [main] WARN  org.mybatis.spring.mapper.ClassPathMapperScanner-Skipping MapperFactoryBean with name 'feeKeyMapper' and 'com.atguigu.lease.web.app.mapper.FeeKeyMapper' mapperInterface. Bean already defined with the same name!
2026-06-24 20:57:24.250 [main] WARN  org.mybatis.spring.mapper.ClassPathMapperScanner-Skipping MapperFactoryBean with name 'feeValueMapper' and 'com.atguigu.lease.web.app.mapper.FeeValueMapper' mapperInterface. Bean already defined with the same name!
2026-06-24 20:57:24.250 [main] WARN  org.mybatis.spring.mapper.ClassPathMapperScanner-Skipping MapperFactoryBean with name 'graphInfoMapper' and 'com.atguigu.lease.web.app.mapper.GraphInfoMapper' mapperInterface. Bean already defined with the same name!
2026-06-24 20:57:24.250 [main] WARN  org.mybatis.spring.mapper.ClassPathMapperScanner-Skipping MapperFactoryBean with name 'labelInfoMapper' and 'com.atguigu.lease.web.app.mapper.LabelInfoMapper' mapperInterface. Bean already defined with the same name!
2026-06-24 20:57:24.250 [main] WARN  org.mybatis.spring.mapper.ClassPathMapperScanner-Skipping MapperFactoryBean with name 'leaseAgreementMapper' and 'com.atguigu.lease.web.app.mapper.LeaseAgreementMapper' mapperInterface. Bean already defined with the same name!
2026-06-24 20:57:24.250 [main] WARN  org.mybatis.spring.mapper.ClassPathMapperScanner-Skipping MapperFactoryBean with name 'leaseTermMapper' and 'com.atguigu.lease.web.app.mapper.LeaseTermMapper' mapperInterface. Bean already defined with the same name!
2026-06-24 20:57:24.250 [main] WARN  org.mybatis.spring.mapper.ClassPathMapperScanner-Skipping MapperFactoryBean with name 'paymentTypeMapper' and 'com.atguigu.lease.web.app.mapper.PaymentTypeMapper' mapperInterface. Bean already defined with the same name!
2026-06-24 20:57:24.250 [main] WARN  org.mybatis.spring.mapper.ClassPathMapperScanner-Skipping MapperFactoryBean with name 'provinceInfoMapper' and 'com.atguigu.lease.web.app.mapper.ProvinceInfoMapper' mapperInterface. Bean already defined with the same name!
2026-06-24 20:57:24.250 [main] WARN  org.mybatis.spring.mapper.ClassPathMapperScanner-Skipping MapperFactoryBean with name 'roomAttrValueMapper' and 'com.atguigu.lease.web.app.mapper.RoomAttrValueMapper' mapperInterface. Bean already defined with the same name!
2026-06-24 20:57:24.250 [main] WARN  org.mybatis.spring.mapper.ClassPathMapperScanner-Skipping MapperFactoryBean with name 'roomFacilityMapper' and 'com.atguigu.lease.web.app.mapper.RoomFacilityMapper' mapperInterface. Bean already defined with the same name!
2026-06-24 20:57:24.250 [main] WARN  org.mybatis.spring.mapper.ClassPathMapperScanner-Skipping MapperFactoryBean with name 'roomInfoMapper' and 'com.atguigu.lease.web.app.mapper.RoomInfoMapper' mapperInterface. Bean already defined with the same name!
2026-06-24 20:57:24.250 [main] WARN  org.mybatis.spring.mapper.ClassPathMapperScanner-Skipping MapperFactoryBean with name 'roomLabelMapper' and 'com.atguigu.lease.web.app.mapper.RoomLabelMapper' mapperInterface. Bean already defined with the same name!
2026-06-24 20:57:24.250 [main] WARN  org.mybatis.spring.mapper.ClassPathMapperScanner-Skipping MapperFactoryBean with name 'roomLeaseTermMapper' and 'com.atguigu.lease.web.app.mapper.RoomLeaseTermMapper' mapperInterface. Bean already defined with the same name!
2026-06-24 20:57:24.250 [main] WARN  org.mybatis.spring.mapper.ClassPathMapperScanner-Skipping MapperFactoryBean with name 'roomPaymentTypeMapper' and 'com.atguigu.lease.web.app.mapper.RoomPaymentTypeMapper' mapperInterface. Bean already defined with the same name!
2026-06-24 20:57:24.250 [main] WARN  org.mybatis.spring.mapper.ClassPathMapperScanner-Skipping MapperFactoryBean with name 'userInfoMapper' and 'com.atguigu.lease.web.app.mapper.UserInfoMapper' mapperInterface. Bean already defined with the same name!
2026-06-24 20:57:24.251 [main] WARN  org.mybatis.spring.mapper.ClassPathMapperScanner-Skipping MapperFactoryBean with name 'viewAppointmentMapper' and 'com.atguigu.lease.web.app.mapper.ViewAppointmentMapper' mapperInterface. Bean already defined with the same name!
2026-06-24 20:57:24.251 [main] WARN  org.mybatis.spring.mapper.ClassPathMapperScanner-No MyBatis mapper was found in '[com.atguigu.lease.web.app.mapper]' package. Please check your configuration.
2026-06-24 20:57:24.778 [main] INFO  o.s.boot.web.embedded.tomcat.TomcatWebServer-Tomcat initialized with port(s): 8081 (http)
2026-06-24 20:57:24.789 [main] INFO  org.apache.coyote.http11.Http11NioProtocol-Initializing ProtocolHandler ["http-nio-8081"]
2026-06-24 20:57:24.791 [main] INFO  org.apache.catalina.core.StandardService-Starting service [Tomcat]
2026-06-24 20:57:24.791 [main] INFO  org.apache.catalina.core.StandardEngine-Starting Servlet engine: [Apache Tomcat/10.1.7]
2026-06-24 20:57:24.880 [main] INFO  o.a.c.core.ContainerBase.[Tomcat].[localhost].[/]-Initializing Spring embedded WebApplicationContext
2026-06-24 20:57:24.880 [main] INFO  o.s.b.w.s.c.ServletWebServerApplicationContext-Root WebApplicationContext: initialization completed in 1853 ms
2026-06-24 20:57:27.096 [main] INFO  o.s.b.actuate.endpoint.web.EndpointLinksResolver-Exposing 1 endpoint(s) beneath base path '/actuator'
2026-06-24 20:57:27.156 [main] INFO  org.apache.coyote.http11.Http11NioProtocol-Starting ProtocolHandler ["http-nio-8081"]
2026-06-24 20:57:27.175 [main] INFO  o.s.boot.web.embedded.tomcat.TomcatWebServer-Tomcat started on port(s): 8081 (http) with context path ''
2026-06-24 20:57:27.191 [main] INFO  com.atguigu.lease.web.app.AppWebApplication-Started AppWebApplication in 4.531 seconds (process running for 5.146)
2026-06-24 20:57:27.532 [RMI TCP Connection(3)-192.168.124.50] INFO  com.zaxxer.hikari.HikariDataSource-SPHHikariPool - Starting...
2026-06-24 20:57:27.554 [RMI TCP Connection(5)-192.168.124.50] INFO  o.a.c.core.ContainerBase.[Tomcat].[localhost].[/]-Initializing Spring DispatcherServlet 'dispatcherServlet'
2026-06-24 20:57:27.554 [RMI TCP Connection(5)-192.168.124.50] INFO  org.springframework.web.servlet.DispatcherServlet-Initializing Servlet 'dispatcherServlet'
2026-06-24 20:57:27.554 [RMI TCP Connection(5)-192.168.124.50] INFO  org.springframework.web.servlet.DispatcherServlet-Completed initialization in 0 ms
2026-06-24 20:57:27.741 [RMI TCP Connection(3)-192.168.124.50] INFO  com.zaxxer.hikari.pool.HikariPool-SPHHikariPool - Added connection com.mysql.cj.jdbc.ConnectionImpl@2591f961
2026-06-24 20:57:27.752 [RMI TCP Connection(3)-192.168.124.50] INFO  com.zaxxer.hikari.HikariDataSource-SPHHikariPool - Start completed.
2026-06-24 20:59:19.848 [http-nio-8081-exec-2] INFO  c.a.lease.web.app.service.impl.LoginServiceImpl-发送验证码：8959
2026-06-24 20:59:28.173 [http-nio-8081-exec-6] WARN  c.b.m.core.toolkit.support.ReflectLambdaMeta-Unable to make field private final java.lang.Class java.lang.invoke.SerializedLambda.capturingClass accessible: module java.base does not "opens java.lang.invoke" to unnamed module @51399530
2026-06-24 21:56:57.108 [SpringApplicationShutdownHook] INFO  com.zaxxer.hikari.HikariDataSource-SPHHikariPool - Shutdown initiated...
2026-06-24 21:56:57.111 [SpringApplicationShutdownHook] INFO  com.zaxxer.hikari.HikariDataSource-SPHHikariPool - Shutdown completed.
2026-06-24 21:58:03.687 [main] INFO  com.atguigu.lease.web.app.AppWebApplication-Starting AppWebApplication using Java 17.0.17 with PID 26132 (D:\java-project\xaingmu\lease\web\web-app\target\classes started by lenovo in D:\java-project\xaingmu\lease)
2026-06-24 21:58:03.689 [main] INFO  com.atguigu.lease.web.app.AppWebApplication-No active profile set, falling back to 1 default profile: "default"
2026-06-24 21:58:04.416 [main] INFO  o.s.d.r.config.RepositoryConfigurationDelegate-Multiple Spring Data modules found, entering strict repository configuration mode
2026-06-24 21:58:04.418 [main] INFO  o.s.d.r.config.RepositoryConfigurationDelegate-Bootstrapping Spring Data Redis repositories in DEFAULT mode.
2026-06-24 21:58:04.445 [main] INFO  o.s.d.r.config.RepositoryConfigurationDelegate-Finished Spring Data repository scanning in 19 ms. Found 0 Redis repository interfaces.
2026-06-24 21:58:04.508 [main] WARN  org.mybatis.spring.mapper.ClassPathMapperScanner-Skipping MapperFactoryBean with name 'apartmentFacilityMapper' and 'com.atguigu.lease.web.app.mapper.ApartmentFacilityMapper' mapperInterface. Bean already defined with the same name!
2026-06-24 21:58:04.509 [main] WARN  org.mybatis.spring.mapper.ClassPathMapperScanner-Skipping MapperFactoryBean with name 'apartmentFeeValueMapper' and 'com.atguigu.lease.web.app.mapper.ApartmentFeeValueMapper' mapperInterface. Bean already defined with the same name!
2026-06-24 21:58:04.509 [main] WARN  org.mybatis.spring.mapper.ClassPathMapperScanner-Skipping MapperFactoryBean with name 'apartmentInfoMapper' and 'com.atguigu.lease.web.app.mapper.ApartmentInfoMapper' mapperInterface. Bean already defined with the same name!
2026-06-24 21:58:04.509 [main] WARN  org.mybatis.spring.mapper.ClassPathMapperScanner-Skipping MapperFactoryBean with name 'apartmentLabelMapper' and 'com.atguigu.lease.web.app.mapper.ApartmentLabelMapper' mapperInterface. Bean already defined with the same name!
2026-06-24 21:58:04.509 [main] WARN  org.mybatis.spring.mapper.ClassPathMapperScanner-Skipping MapperFactoryBean with name 'attrKeyMapper' and 'com.atguigu.lease.web.app.mapper.AttrKeyMapper' mapperInterface. Bean already defined with the same name!
2026-06-24 21:58:04.509 [main] WARN  org.mybatis.spring.mapper.ClassPathMapperScanner-Skipping MapperFactoryBean with name 'attrValueMapper' and 'com.atguigu.lease.web.app.mapper.AttrValueMapper' mapperInterface. Bean already defined with the same name!
2026-06-24 21:58:04.509 [main] WARN  org.mybatis.spring.mapper.ClassPathMapperScanner-Skipping MapperFactoryBean with name 'browsingHistoryMapper' and 'com.atguigu.lease.web.app.mapper.BrowsingHistoryMapper' mapperInterface. Bean already defined with the same name!
2026-06-24 21:58:04.509 [main] WARN  org.mybatis.spring.mapper.ClassPathMapperScanner-Skipping MapperFactoryBean with name 'cityInfoMapper' and 'com.atguigu.lease.web.app.mapper.CityInfoMapper' mapperInterface. Bean already defined with the same name!
2026-06-24 21:58:04.509 [main] WARN  org.mybatis.spring.mapper.ClassPathMapperScanner-Skipping MapperFactoryBean with name 'districtInfoMapper' and 'com.atguigu.lease.web.app.mapper.DistrictInfoMapper' mapperInterface. Bean already defined with the same name!
2026-06-24 21:58:04.509 [main] WARN  org.mybatis.spring.mapper.ClassPathMapperScanner-Skipping MapperFactoryBean with name 'facilityInfoMapper' and 'com.atguigu.lease.web.app.mapper.FacilityInfoMapper' mapperInterface. Bean already defined with the same name!
2026-06-24 21:58:04.509 [main] WARN  org.mybatis.spring.mapper.ClassPathMapperScanner-Skipping MapperFactoryBean with name 'feeKeyMapper' and 'com.atguigu.lease.web.app.mapper.FeeKeyMapper' mapperInterface. Bean already defined with the same name!
2026-06-24 21:58:04.509 [main] WARN  org.mybatis.spring.mapper.ClassPathMapperScanner-Skipping MapperFactoryBean with name 'feeValueMapper' and 'com.atguigu.lease.web.app.mapper.FeeValueMapper' mapperInterface. Bean already defined with the same name!
2026-06-24 21:58:04.509 [main] WARN  org.mybatis.spring.mapper.ClassPathMapperScanner-Skipping MapperFactoryBean with name 'graphInfoMapper' and 'com.atguigu.lease.web.app.mapper.GraphInfoMapper' mapperInterface. Bean already defined with the same name!
2026-06-24 21:58:04.509 [main] WARN  org.mybatis.spring.mapper.ClassPathMapperScanner-Skipping MapperFactoryBean with name 'labelInfoMapper' and 'com.atguigu.lease.web.app.mapper.LabelInfoMapper' mapperInterface. Bean already defined with the same name!
2026-06-24 21:58:04.509 [main] WARN  org.mybatis.spring.mapper.ClassPathMapperScanner-Skipping MapperFactoryBean with name 'leaseAgreementMapper' and 'com.atguigu.lease.web.app.mapper.LeaseAgreementMapper' mapperInterface. Bean already defined with the same name!
2026-06-24 21:58:04.509 [main] WARN  org.mybatis.spring.mapper.ClassPathMapperScanner-Skipping MapperFactoryBean with name 'leaseTermMapper' and 'com.atguigu.lease.web.app.mapper.LeaseTermMapper' mapperInterface. Bean already defined with the same name!
2026-06-24 21:58:04.509 [main] WARN  org.mybatis.spring.mapper.ClassPathMapperScanner-Skipping MapperFactoryBean with name 'paymentTypeMapper' and 'com.atguigu.lease.web.app.mapper.PaymentTypeMapper' mapperInterface. Bean already defined with the same name!
2026-06-24 21:58:04.509 [main] WARN  org.mybatis.spring.mapper.ClassPathMapperScanner-Skipping MapperFactoryBean with name 'provinceInfoMapper' and 'com.atguigu.lease.web.app.mapper.ProvinceInfoMapper' mapperInterface. Bean already defined with the same name!
2026-06-24 21:58:04.509 [main] WARN  org.mybatis.spring.mapper.ClassPathMapperScanner-Skipping MapperFactoryBean with name 'roomAttrValueMapper' and 'com.atguigu.lease.web.app.mapper.RoomAttrValueMapper' mapperInterface. Bean already defined with the same name!
2026-06-24 21:58:04.509 [main] WARN  org.mybatis.spring.mapper.ClassPathMapperScanner-Skipping MapperFactoryBean with name 'roomFacilityMapper' and 'com.atguigu.lease.web.app.mapper.RoomFacilityMapper' mapperInterface. Bean already defined with the same name!
2026-06-24 21:58:04.509 [main] WARN  org.mybatis.spring.mapper.ClassPathMapperScanner-Skipping MapperFactoryBean with name 'roomInfoMapper' and 'com.atguigu.lease.web.app.mapper.RoomInfoMapper' mapperInterface. Bean already defined with the same name!
2026-06-24 21:58:04.509 [main] WARN  org.mybatis.spring.mapper.ClassPathMapperScanner-Skipping MapperFactoryBean with name 'roomLabelMapper' and 'com.atguigu.lease.web.app.mapper.RoomLabelMapper' mapperInterface. Bean already defined with the same name!
2026-06-24 21:58:04.509 [main] WARN  org.mybatis.spring.mapper.ClassPathMapperScanner-Skipping MapperFactoryBean with name 'roomLeaseTermMapper' and 'com.atguigu.lease.web.app.mapper.RoomLeaseTermMapper' mapperInterface. Bean already defined with the same name!
2026-06-24 21:58:04.509 [main] WARN  org.mybatis.spring.mapper.ClassPathMapperScanner-Skipping MapperFactoryBean with name 'roomPaymentTypeMapper' and 'com.atguigu.lease.web.app.mapper.RoomPaymentTypeMapper' mapperInterface. Bean already defined with the same name!
2026-06-24 21:58:04.509 [main] WARN  org.mybatis.spring.mapper.ClassPathMapperScanner-Skipping MapperFactoryBean with name 'userInfoMapper' and 'com.atguigu.lease.web.app.mapper.UserInfoMapper' mapperInterface. Bean already defined with the same name!
2026-06-24 21:58:04.509 [main] WARN  org.mybatis.spring.mapper.ClassPathMapperScanner-Skipping MapperFactoryBean with name 'viewAppointmentMapper' and 'com.atguigu.lease.web.app.mapper.ViewAppointmentMapper' mapperInterface. Bean already defined with the same name!
2026-06-24 21:58:04.510 [main] WARN  org.mybatis.spring.mapper.ClassPathMapperScanner-No MyBatis mapper was found in '[com.atguigu.lease.web.app.mapper]' package. Please check your configuration.
2026-06-24 21:58:04.898 [main] INFO  o.s.boot.web.embedded.tomcat.TomcatWebServer-Tomcat initialized with port(s): 8081 (http)
2026-06-24 21:58:04.906 [main] INFO  org.apache.coyote.http11.Http11NioProtocol-Initializing ProtocolHandler ["http-nio-8081"]
2026-06-24 21:58:04.906 [main] INFO  org.apache.catalina.core.StandardService-Starting service [Tomcat]
2026-06-24 21:58:04.906 [main] INFO  org.apache.catalina.core.StandardEngine-Starting Servlet engine: [Apache Tomcat/10.1.7]
2026-06-24 21:58:04.978 [main] INFO  o.a.c.core.ContainerBase.[Tomcat].[localhost].[/]-Initializing Spring embedded WebApplicationContext
2026-06-24 21:58:04.978 [main] INFO  o.s.b.w.s.c.ServletWebServerApplicationContext-Root WebApplicationContext: initialization completed in 1251 ms
2026-06-24 21:58:07.080 [main] INFO  o.s.b.actuate.endpoint.web.EndpointLinksResolver-Exposing 1 endpoint(s) beneath base path '/actuator'
2026-06-24 21:58:07.131 [main] INFO  org.apache.coyote.http11.Http11NioProtocol-Starting ProtocolHandler ["http-nio-8081"]
2026-06-24 21:58:07.152 [main] INFO  o.s.boot.web.embedded.tomcat.TomcatWebServer-Tomcat started on port(s): 8081 (http) with context path ''
2026-06-24 21:58:07.163 [main] INFO  com.atguigu.lease.web.app.AppWebApplication-Started AppWebApplication in 3.76 seconds (process running for 4.37)
2026-06-24 21:58:07.494 [RMI TCP Connection(3)-192.168.124.50] INFO  o.a.c.core.ContainerBase.[Tomcat].[localhost].[/]-Initializing Spring DispatcherServlet 'dispatcherServlet'
2026-06-24 21:58:07.494 [RMI TCP Connection(3)-192.168.124.50] INFO  org.springframework.web.servlet.DispatcherServlet-Initializing Servlet 'dispatcherServlet'
2026-06-24 21:58:07.496 [RMI TCP Connection(3)-192.168.124.50] INFO  org.springframework.web.servlet.DispatcherServlet-Completed initialization in 1 ms
2026-06-24 21:58:07.498 [RMI TCP Connection(2)-192.168.124.50] INFO  com.zaxxer.hikari.HikariDataSource-SPHHikariPool - Starting...
2026-06-24 21:58:07.650 [RMI TCP Connection(2)-192.168.124.50] INFO  com.zaxxer.hikari.pool.HikariPool-SPHHikariPool - Added connection com.mysql.cj.jdbc.ConnectionImpl@3ec48047
2026-06-24 21:58:07.653 [RMI TCP Connection(2)-192.168.124.50] INFO  com.zaxxer.hikari.HikariDataSource-SPHHikariPool - Start completed.
2026-06-24 21:58:45.290 [http-nio-8081-exec-1] INFO  c.a.lease.web.app.service.impl.LoginServiceImpl-发送验证码：8491214790
2026-06-24 21:58:45.333 [http-nio-8081-exec-1] INFO  c.a.l.c.c.a.l.common.redis.emailsender.emailSend-准备向邮箱 749643542@qq.com 发送验证码
2026-06-24 21:58:46.608 [http-nio-8081-exec-1] INFO  c.a.l.c.c.a.l.common.redis.emailsender.emailSend-邮件发送成功: 749643542@qq.com
2026-06-24 22:00:02.444 [SpringApplicationShutdownHook] INFO  com.zaxxer.hikari.HikariDataSource-SPHHikariPool - Shutdown initiated...
2026-06-24 22:00:02.448 [SpringApplicationShutdownHook] INFO  com.zaxxer.hikari.HikariDataSource-SPHHikariPool - Shutdown completed.
2026-06-24 22:00:06.539 [main] INFO  com.atguigu.lease.web.app.AppWebApplication-Starting AppWebApplication using Java 17.0.17 with PID 1280 (D:\java-project\xaingmu\lease\web\web-app\target\classes started by lenovo in D:\java-project\xaingmu\lease)
2026-06-24 22:00:06.542 [main] INFO  com.atguigu.lease.web.app.AppWebApplication-No active profile set, falling back to 1 default profile: "default"
2026-06-24 22:00:07.233 [main] INFO  o.s.d.r.config.RepositoryConfigurationDelegate-Multiple Spring Data modules found, entering strict repository configuration mode
2026-06-24 22:00:07.234 [main] INFO  o.s.d.r.config.RepositoryConfigurationDelegate-Bootstrapping Spring Data Redis repositories in DEFAULT mode.
2026-06-24 22:00:07.262 [main] INFO  o.s.d.r.config.RepositoryConfigurationDelegate-Finished Spring Data repository scanning in 20 ms. Found 0 Redis repository interfaces.
2026-06-24 22:00:07.328 [main] WARN  org.mybatis.spring.mapper.ClassPathMapperScanner-Skipping MapperFactoryBean with name 'apartmentFacilityMapper' and 'com.atguigu.lease.web.app.mapper.ApartmentFacilityMapper' mapperInterface. Bean already defined with the same name!
2026-06-24 22:00:07.328 [main] WARN  org.mybatis.spring.mapper.ClassPathMapperScanner-Skipping MapperFactoryBean with name 'apartmentFeeValueMapper' and 'com.atguigu.lease.web.app.mapper.ApartmentFeeValueMapper' mapperInterface. Bean already defined with the same name!
2026-06-24 22:00:07.328 [main] WARN  org.mybatis.spring.mapper.ClassPathMapperScanner-Skipping MapperFactoryBean with name 'apartmentInfoMapper' and 'com.atguigu.lease.web.app.mapper.ApartmentInfoMapper' mapperInterface. Bean already defined with the same name!
2026-06-24 22:00:07.328 [main] WARN  org.mybatis.spring.mapper.ClassPathMapperScanner-Skipping MapperFactoryBean with name 'apartmentLabelMapper' and 'com.atguigu.lease.web.app.mapper.ApartmentLabelMapper' mapperInterface. Bean already defined with the same name!
2026-06-24 22:00:07.328 [main] WARN  org.mybatis.spring.mapper.ClassPathMapperScanner-Skipping MapperFactoryBean with name 'attrKeyMapper' and 'com.atguigu.lease.web.app.mapper.AttrKeyMapper' mapperInterface. Bean already defined with the same name!
2026-06-24 22:00:07.328 [main] WARN  org.mybatis.spring.mapper.ClassPathMapperScanner-Skipping MapperFactoryBean with name 'attrValueMapper' and 'com.atguigu.lease.web.app.mapper.AttrValueMapper' mapperInterface. Bean already defined with the same name!
2026-06-24 22:00:07.328 [main] WARN  org.mybatis.spring.mapper.ClassPathMapperScanner-Skipping MapperFactoryBean with name 'browsingHistoryMapper' and 'com.atguigu.lease.web.app.mapper.BrowsingHistoryMapper' mapperInterface. Bean already defined with the same name!
2026-06-24 22:00:07.328 [main] WARN  org.mybatis.spring.mapper.ClassPathMapperScanner-Skipping MapperFactoryBean with name 'cityInfoMapper' and 'com.atguigu.lease.web.app.mapper.CityInfoMapper' mapperInterface. Bean already defined with the same name!
2026-06-24 22:00:07.328 [main] WARN  org.mybatis.spring.mapper.ClassPathMapperScanner-Skipping MapperFactoryBean with name 'districtInfoMapper' and 'com.atguigu.lease.web.app.mapper.DistrictInfoMapper' mapperInterface. Bean already defined with the same name!
2026-06-24 22:00:07.328 [main] WARN  org.mybatis.spring.mapper.ClassPathMapperScanner-Skipping MapperFactoryBean with name 'facilityInfoMapper' and 'com.atguigu.lease.web.app.mapper.FacilityInfoMapper' mapperInterface. Bean already defined with the same name!
2026-06-24 22:00:07.328 [main] WARN  org.mybatis.spring.mapper.ClassPathMapperScanner-Skipping MapperFactoryBean with name 'feeKeyMapper' and 'com.atguigu.lease.web.app.mapper.FeeKeyMapper' mapperInterface. Bean already defined with the same name!
2026-06-24 22:00:07.328 [main] WARN  org.mybatis.spring.mapper.ClassPathMapperScanner-Skipping MapperFactoryBean with name 'feeValueMapper' and 'com.atguigu.lease.web.app.mapper.FeeValueMapper' mapperInterface. Bean already defined with the same name!
2026-06-24 22:00:07.328 [main] WARN  org.mybatis.spring.mapper.ClassPathMapperScanner-Skipping MapperFactoryBean with name 'graphInfoMapper' and 'com.atguigu.lease.web.app.mapper.GraphInfoMapper' mapperInterface. Bean already defined with the same name!
2026-06-24 22:00:07.328 [main] WARN  org.mybatis.spring.mapper.ClassPathMapperScanner-Skipping MapperFactoryBean with name 'labelInfoMapper' and 'com.atguigu.lease.web.app.mapper.LabelInfoMapper' mapperInterface. Bean already defined with the same name!
2026-06-24 22:00:07.328 [main] WARN  org.mybatis.spring.mapper.ClassPathMapperScanner-Skipping MapperFactoryBean with name 'leaseAgreementMapper' and 'com.atguigu.lease.web.app.mapper.LeaseAgreementMapper' mapperInterface. Bean already defined with the same name!
2026-06-24 22:00:07.328 [main] WARN  org.mybatis.spring.mapper.ClassPathMapperScanner-Skipping MapperFactoryBean with name 'leaseTermMapper' and 'com.atguigu.lease.web.app.mapper.LeaseTermMapper' mapperInterface. Bean already defined with the same name!
2026-06-24 22:00:07.328 [main] WARN  org.mybatis.spring.mapper.ClassPathMapperScanner-Skipping MapperFactoryBean with name 'paymentTypeMapper' and 'com.atguigu.lease.web.app.mapper.PaymentTypeMapper' mapperInterface. Bean already defined with the same name!
2026-06-24 22:00:07.328 [main] WARN  org.mybatis.spring.mapper.ClassPathMapperScanner-Skipping MapperFactoryBean with name 'provinceInfoMapper' and 'com.atguigu.lease.web.app.mapper.ProvinceInfoMapper' mapperInterface. Bean already defined with the same name!
2026-06-24 22:00:07.328 [main] WARN  org.mybatis.spring.mapper.ClassPathMapperScanner-Skipping MapperFactoryBean with name 'roomAttrValueMapper' and 'com.atguigu.lease.web.app.mapper.RoomAttrValueMapper' mapperInterface. Bean already defined with the same name!
2026-06-24 22:00:07.328 [main] WARN  org.mybatis.spring.mapper.ClassPathMapperScanner-Skipping MapperFactoryBean with name 'roomFacilityMapper' and 'com.atguigu.lease.web.app.mapper.RoomFacilityMapper' mapperInterface. Bean already defined with the same name!
2026-06-24 22:00:07.328 [main] WARN  org.mybatis.spring.mapper.ClassPathMapperScanner-Skipping MapperFactoryBean with name 'roomInfoMapper' and 'com.atguigu.lease.web.app.mapper.RoomInfoMapper' mapperInterface. Bean already defined with the same name!
2026-06-24 22:00:07.328 [main] WARN  org.mybatis.spring.mapper.ClassPathMapperScanner-Skipping MapperFactoryBean with name 'roomLabelMapper' and 'com.atguigu.lease.web.app.mapper.RoomLabelMapper' mapperInterface. Bean already defined with the same name!
2026-06-24 22:00:07.328 [main] WARN  org.mybatis.spring.mapper.ClassPathMapperScanner-Skipping MapperFactoryBean with name 'roomLeaseTermMapper' and 'com.atguigu.lease.web.app.mapper.RoomLeaseTermMapper' mapperInterface. Bean already defined with the same name!
2026-06-24 22:00:07.328 [main] WARN  org.mybatis.spring.mapper.ClassPathMapperScanner-Skipping MapperFactoryBean with name 'roomPaymentTypeMapper' and 'com.atguigu.lease.web.app.mapper.RoomPaymentTypeMapper' mapperInterface. Bean already defined with the same name!
2026-06-24 22:00:07.328 [main] WARN  org.mybatis.spring.mapper.ClassPathMapperScanner-Skipping MapperFactoryBean with name 'userInfoMapper' and 'com.atguigu.lease.web.app.mapper.UserInfoMapper' mapperInterface. Bean already defined with the same name!
2026-06-24 22:00:07.328 [main] WARN  org.mybatis.spring.mapper.ClassPathMapperScanner-Skipping MapperFactoryBean with name 'viewAppointmentMapper' and 'com.atguigu.lease.web.app.mapper.ViewAppointmentMapper' mapperInterface. Bean already defined with the same name!
2026-06-24 22:00:07.329 [main] WARN  org.mybatis.spring.mapper.ClassPathMapperScanner-No MyBatis mapper was found in '[com.atguigu.lease.web.app.mapper]' package. Please check your configuration.
2026-06-24 22:00:07.683 [main] INFO  o.s.boot.web.embedded.tomcat.TomcatWebServer-Tomcat initialized with port(s): 8081 (http)
2026-06-24 22:00:07.689 [main] INFO  org.apache.coyote.http11.Http11NioProtocol-Initializing ProtocolHandler ["http-nio-8081"]
2026-06-24 22:00:07.689 [main] INFO  org.apache.catalina.core.StandardService-Starting service [Tomcat]
2026-06-24 22:00:07.689 [main] INFO  org.apache.catalina.core.StandardEngine-Starting Servlet engine: [Apache Tomcat/10.1.7]
2026-06-24 22:00:07.747 [main] INFO  o.a.c.core.ContainerBase.[Tomcat].[localhost].[/]-Initializing Spring embedded WebApplicationContext
2026-06-24 22:00:07.748 [main] INFO  o.s.b.w.s.c.ServletWebServerApplicationContext-Root WebApplicationContext: initialization completed in 1173 ms
2026-06-24 22:00:09.723 [main] INFO  o.s.b.actuate.endpoint.web.EndpointLinksResolver-Exposing 1 endpoint(s) beneath base path '/actuator'
2026-06-24 22:00:09.774 [main] INFO  org.apache.coyote.http11.Http11NioProtocol-Starting ProtocolHandler ["http-nio-8081"]
2026-06-24 22:00:09.792 [main] INFO  o.s.boot.web.embedded.tomcat.TomcatWebServer-Tomcat started on port(s): 8081 (http) with context path ''
2026-06-24 22:00:09.805 [main] INFO  com.atguigu.lease.web.app.AppWebApplication-Started AppWebApplication in 3.523 seconds (process running for 4.077)
2026-06-24 22:00:09.934 [RMI TCP Connection(2)-192.168.124.50] INFO  com.zaxxer.hikari.HikariDataSource-SPHHikariPool - Starting...
2026-06-24 22:00:09.940 [RMI TCP Connection(4)-192.168.124.50] INFO  o.a.c.core.ContainerBase.[Tomcat].[localhost].[/]-Initializing Spring DispatcherServlet 'dispatcherServlet'
2026-06-24 22:00:09.940 [RMI TCP Connection(4)-192.168.124.50] INFO  org.springframework.web.servlet.DispatcherServlet-Initializing Servlet 'dispatcherServlet'
2026-06-24 22:00:09.942 [RMI TCP Connection(4)-192.168.124.50] INFO  org.springframework.web.servlet.DispatcherServlet-Completed initialization in 2 ms
2026-06-24 22:00:10.067 [RMI TCP Connection(2)-192.168.124.50] INFO  com.zaxxer.hikari.pool.HikariPool-SPHHikariPool - Added connection com.mysql.cj.jdbc.ConnectionImpl@5f8b1798
2026-06-24 22:00:10.075 [RMI TCP Connection(2)-192.168.124.50] INFO  com.zaxxer.hikari.HikariDataSource-SPHHikariPool - Start completed.
2026-06-24 22:00:13.743 [http-nio-8081-exec-1] INFO  c.a.lease.web.app.service.impl.LoginServiceImpl-发送验证码：749496
2026-06-24 22:00:13.777 [http-nio-8081-exec-1] INFO  c.a.l.c.c.a.l.common.redis.emailsender.emailSend-准备向邮箱 749643542@qq.com 发送验证码
2026-06-24 22:00:14.373 [http-nio-8081-exec-1] INFO  c.a.l.c.c.a.l.common.redis.emailsender.emailSend-邮件发送成功: 749643542@qq.com
2026-06-24 22:00:33.864 [http-nio-8081-exec-6] WARN  c.b.m.core.toolkit.support.ReflectLambdaMeta-Unable to make field private final java.lang.Class java.lang.invoke.SerializedLambda.capturingClass accessible: module java.base does not "opens java.lang.invoke" to unnamed module @13c9d689
2026-06-24 22:04:05.485 [SpringApplicationShutdownHook] INFO  com.zaxxer.hikari.HikariDataSource-SPHHikariPool - Shutdown initiated...
2026-06-24 22:04:05.492 [SpringApplicationShutdownHook] INFO  com.zaxxer.hikari.HikariDataSource-SPHHikariPool - Shutdown completed.
2026-06-24 22:04:09.499 [main] INFO  com.atguigu.lease.web.app.AppWebApplication-Starting AppWebApplication using Java 17.0.17 with PID 24492 (D:\java-project\xaingmu\lease\web\web-app\target\classes started by lenovo in D:\java-project\xaingmu\lease)
2026-06-24 22:04:09.501 [main] INFO  com.atguigu.lease.web.app.AppWebApplication-No active profile set, falling back to 1 default profile: "default"
2026-06-24 22:04:10.187 [main] INFO  o.s.d.r.config.RepositoryConfigurationDelegate-Multiple Spring Data modules found, entering strict repository configuration mode
2026-06-24 22:04:10.188 [main] INFO  o.s.d.r.config.RepositoryConfigurationDelegate-Bootstrapping Spring Data Redis repositories in DEFAULT mode.
2026-06-24 22:04:10.215 [main] INFO  o.s.d.r.config.RepositoryConfigurationDelegate-Finished Spring Data repository scanning in 19 ms. Found 0 Redis repository interfaces.
2026-06-24 22:04:10.284 [main] WARN  org.mybatis.spring.mapper.ClassPathMapperScanner-Skipping MapperFactoryBean with name 'apartmentFacilityMapper' and 'com.atguigu.lease.web.app.mapper.ApartmentFacilityMapper' mapperInterface. Bean already defined with the same name!
2026-06-24 22:04:10.284 [main] WARN  org.mybatis.spring.mapper.ClassPathMapperScanner-Skipping MapperFactoryBean with name 'apartmentFeeValueMapper' and 'com.atguigu.lease.web.app.mapper.ApartmentFeeValueMapper' mapperInterface. Bean already defined with the same name!
2026-06-24 22:04:10.284 [main] WARN  org.mybatis.spring.mapper.ClassPathMapperScanner-Skipping MapperFactoryBean with name 'apartmentInfoMapper' and 'com.atguigu.lease.web.app.mapper.ApartmentInfoMapper' mapperInterface. Bean already defined with the same name!
2026-06-24 22:04:10.284 [main] WARN  org.mybatis.spring.mapper.ClassPathMapperScanner-Skipping MapperFactoryBean with name 'apartmentLabelMapper' and 'com.atguigu.lease.web.app.mapper.ApartmentLabelMapper' mapperInterface. Bean already defined with the same name!
2026-06-24 22:04:10.284 [main] WARN  org.mybatis.spring.mapper.ClassPathMapperScanner-Skipping MapperFactoryBean with name 'attrKeyMapper' and 'com.atguigu.lease.web.app.mapper.AttrKeyMapper' mapperInterface. Bean already defined with the same name!
2026-06-24 22:04:10.284 [main] WARN  org.mybatis.spring.mapper.ClassPathMapperScanner-Skipping MapperFactoryBean with name 'attrValueMapper' and 'com.atguigu.lease.web.app.mapper.AttrValueMapper' mapperInterface. Bean already defined with the same name!
2026-06-24 22:04:10.285 [main] WARN  org.mybatis.spring.mapper.ClassPathMapperScanner-Skipping MapperFactoryBean with name 'browsingHistoryMapper' and 'com.atguigu.lease.web.app.mapper.BrowsingHistoryMapper' mapperInterface. Bean already defined with the same name!
2026-06-24 22:04:10.285 [main] WARN  org.mybatis.spring.mapper.ClassPathMapperScanner-Skipping MapperFactoryBean with name 'cityInfoMapper' and 'com.atguigu.lease.web.app.mapper.CityInfoMapper' mapperInterface. Bean already defined with the same name!
2026-06-24 22:04:10.285 [main] WARN  org.mybatis.spring.mapper.ClassPathMapperScanner-Skipping MapperFactoryBean with name 'districtInfoMapper' and 'com.atguigu.lease.web.app.mapper.DistrictInfoMapper' mapperInterface. Bean already defined with the same name!
2026-06-24 22:04:10.285 [main] WARN  org.mybatis.spring.mapper.ClassPathMapperScanner-Skipping MapperFactoryBean with name 'facilityInfoMapper' and 'com.atguigu.lease.web.app.mapper.FacilityInfoMapper' mapperInterface. Bean already defined with the same name!
2026-06-24 22:04:10.287 [main] WARN  org.mybatis.spring.mapper.ClassPathMapperScanner-Skipping MapperFactoryBean with name 'feeKeyMapper' and 'com.atguigu.lease.web.app.mapper.FeeKeyMapper' mapperInterface. Bean already defined with the same name!
2026-06-24 22:04:10.287 [main] WARN  org.mybatis.spring.mapper.ClassPathMapperScanner-Skipping MapperFactoryBean with name 'feeValueMapper' and 'com.atguigu.lease.web.app.mapper.FeeValueMapper' mapperInterface. Bean already defined with the same name!
2026-06-24 22:04:10.287 [main] WARN  org.mybatis.spring.mapper.ClassPathMapperScanner-Skipping MapperFactoryBean with name 'graphInfoMapper' and 'com.atguigu.lease.web.app.mapper.GraphInfoMapper' mapperInterface. Bean already defined with the same name!
2026-06-24 22:04:10.287 [main] WARN  org.mybatis.spring.mapper.ClassPathMapperScanner-Skipping MapperFactoryBean with name 'labelInfoMapper' and 'com.atguigu.lease.web.app.mapper.LabelInfoMapper' mapperInterface. Bean already defined with the same name!
2026-06-24 22:04:10.287 [main] WARN  org.mybatis.spring.mapper.ClassPathMapperScanner-Skipping MapperFactoryBean with name 'leaseAgreementMapper' and 'com.atguigu.lease.web.app.mapper.LeaseAgreementMapper' mapperInterface. Bean already defined with the same name!
2026-06-24 22:04:10.287 [main] WARN  org.mybatis.spring.mapper.ClassPathMapperScanner-Skipping MapperFactoryBean with name 'leaseTermMapper' and 'com.atguigu.lease.web.app.mapper.LeaseTermMapper' mapperInterface. Bean already defined with the same name!
2026-06-24 22:04:10.287 [main] WARN  org.mybatis.spring.mapper.ClassPathMapperScanner-Skipping MapperFactoryBean with name 'paymentTypeMapper' and 'com.atguigu.lease.web.app.mapper.PaymentTypeMapper' mapperInterface. Bean already defined with the same name!
2026-06-24 22:04:10.287 [main] WARN  org.mybatis.spring.mapper.ClassPathMapperScanner-Skipping MapperFactoryBean with name 'provinceInfoMapper' and 'com.atguigu.lease.web.app.mapper.ProvinceInfoMapper' mapperInterface. Bean already defined with the same name!
2026-06-24 22:04:10.288 [main] WARN  org.mybatis.spring.mapper.ClassPathMapperScanner-Skipping MapperFactoryBean with name 'roomAttrValueMapper' and 'com.atguigu.lease.web.app.mapper.RoomAttrValueMapper' mapperInterface. Bean already defined with the same name!
2026-06-24 22:04:10.288 [main] WARN  org.mybatis.spring.mapper.ClassPathMapperScanner-Skipping MapperFactoryBean with name 'roomFacilityMapper' and 'com.atguigu.lease.web.app.mapper.RoomFacilityMapper' mapperInterface. Bean already defined with the same name!
2026-06-24 22:04:10.288 [main] WARN  org.mybatis.spring.mapper.ClassPathMapperScanner-Skipping MapperFactoryBean with name 'roomInfoMapper' and 'com.atguigu.lease.web.app.mapper.RoomInfoMapper' mapperInterface. Bean already defined with the same name!
2026-06-24 22:04:10.288 [main] WARN  org.mybatis.spring.mapper.ClassPathMapperScanner-Skipping MapperFactoryBean with name 'roomLabelMapper' and 'com.atguigu.lease.web.app.mapper.RoomLabelMapper' mapperInterface. Bean already defined with the same name!
2026-06-24 22:04:10.288 [main] WARN  org.mybatis.spring.mapper.ClassPathMapperScanner-Skipping MapperFactoryBean with name 'roomLeaseTermMapper' and 'com.atguigu.lease.web.app.mapper.RoomLeaseTermMapper' mapperInterface. Bean already defined with the same name!
2026-06-24 22:04:10.288 [main] WARN  org.mybatis.spring.mapper.ClassPathMapperScanner-Skipping MapperFactoryBean with name 'roomPaymentTypeMapper' and 'com.atguigu.lease.web.app.mapper.RoomPaymentTypeMapper' mapperInterface. Bean already defined with the same name!
2026-06-24 22:04:10.288 [main] WARN  org.mybatis.spring.mapper.ClassPathMapperScanner-Skipping MapperFactoryBean with name 'userInfoMapper' and 'com.atguigu.lease.web.app.mapper.UserInfoMapper' mapperInterface. Bean already defined with the same name!
2026-06-24 22:04:10.288 [main] WARN  org.mybatis.spring.mapper.ClassPathMapperScanner-Skipping MapperFactoryBean with name 'viewAppointmentMapper' and 'com.atguigu.lease.web.app.mapper.ViewAppointmentMapper' mapperInterface. Bean already defined with the same name!
2026-06-24 22:04:10.288 [main] WARN  org.mybatis.spring.mapper.ClassPathMapperScanner-No MyBatis mapper was found in '[com.atguigu.lease.web.app.mapper]' package. Please check your configuration.
2026-06-24 22:04:10.646 [main] INFO  o.s.boot.web.embedded.tomcat.TomcatWebServer-Tomcat initialized with port(s): 8081 (http)
2026-06-24 22:04:10.651 [main] INFO  org.apache.coyote.http11.Http11NioProtocol-Initializing ProtocolHandler ["http-nio-8081"]
2026-06-24 22:04:10.651 [main] INFO  org.apache.catalina.core.StandardService-Starting service [Tomcat]
2026-06-24 22:04:10.652 [main] INFO  org.apache.catalina.core.StandardEngine-Starting Servlet engine: [Apache Tomcat/10.1.7]
2026-06-24 22:04:10.713 [main] INFO  o.a.c.core.ContainerBase.[Tomcat].[localhost].[/]-Initializing Spring embedded WebApplicationContext
2026-06-24 22:04:10.713 [main] INFO  o.s.b.w.s.c.ServletWebServerApplicationContext-Root WebApplicationContext: initialization completed in 1171 ms
2026-06-24 22:04:12.710 [main] INFO  o.s.b.actuate.endpoint.web.EndpointLinksResolver-Exposing 1 endpoint(s) beneath base path '/actuator'
2026-06-24 22:04:12.770 [main] INFO  org.apache.coyote.http11.Http11NioProtocol-Starting ProtocolHandler ["http-nio-8081"]
2026-06-24 22:04:12.788 [main] INFO  o.s.boot.web.embedded.tomcat.TomcatWebServer-Tomcat started on port(s): 8081 (http) with context path ''
2026-06-24 22:04:12.801 [main] INFO  com.atguigu.lease.web.app.AppWebApplication-Started AppWebApplication in 3.577 seconds (process running for 4.14)
2026-06-24 22:04:13.357 [RMI TCP Connection(3)-192.168.124.50] INFO  com.zaxxer.hikari.HikariDataSource-SPHHikariPool - Starting...
2026-06-24 22:04:13.364 [RMI TCP Connection(4)-192.168.124.50] INFO  o.a.c.core.ContainerBase.[Tomcat].[localhost].[/]-Initializing Spring DispatcherServlet 'dispatcherServlet'
2026-06-24 22:04:13.366 [RMI TCP Connection(4)-192.168.124.50] INFO  org.springframework.web.servlet.DispatcherServlet-Initializing Servlet 'dispatcherServlet'
2026-06-24 22:04:13.367 [RMI TCP Connection(4)-192.168.124.50] INFO  org.springframework.web.servlet.DispatcherServlet-Completed initialization in 1 ms
2026-06-24 22:04:13.484 [RMI TCP Connection(3)-192.168.124.50] INFO  com.zaxxer.hikari.pool.HikariPool-SPHHikariPool - Added connection com.mysql.cj.jdbc.ConnectionImpl@15bf0160
2026-06-24 22:04:13.490 [RMI TCP Connection(3)-192.168.124.50] INFO  com.zaxxer.hikari.HikariDataSource-SPHHikariPool - Start completed.
2026-06-24 22:04:18.406 [http-nio-8081-exec-1] INFO  c.a.lease.web.app.service.impl.LoginServiceImpl-发送验证码：8959
2026-06-24 22:04:18.434 [http-nio-8081-exec-1] INFO  c.a.l.c.c.a.l.common.redis.emailsender.emailSend-准备向邮箱 13888888888 发送验证码
2026-06-24 22:04:20.399 [http-nio-8081-exec-1] ERROR c.a.l.c.c.a.l.common.redis.emailsender.emailSend-邮件发送失败: 13888888888
javax.mail.SendFailedException: Invalid Addresses
	at com.sun.mail.smtp.SMTPTransport.rcptTo(SMTPTransport.java:2014)
	at com.sun.mail.smtp.SMTPTransport.sendMessage(SMTPTransport.java:1258)
	at javax.mail.Transport.send0(Transport.java:255)
	at javax.mail.Transport.send(Transport.java:124)
	at com.atguigu.lease.common.com.atguigu.lease.common.redis.emailsender.emailSend.sendEmail(emailSend.java:43)
	at com.atguigu.lease.web.app.service.impl.LoginServiceImpl.getCode(LoginServiceImpl.java:62)
	at com.atguigu.lease.web.app.controller.login.LoginController.getCode(LoginController.java:24)
	at java.base/jdk.internal.reflect.NativeMethodAccessorImpl.invoke0(Native Method)
	at java.base/jdk.internal.reflect.NativeMethodAccessorImpl.invoke(NativeMethodAccessorImpl.java:77)
	at java.base/jdk.internal.reflect.DelegatingMethodAccessorImpl.invoke(DelegatingMethodAccessorImpl.java:43)
	at java.base/java.lang.reflect.Method.invoke(Method.java:569)
	at org.springframework.web.method.support.InvocableHandlerMethod.doInvoke(InvocableHandlerMethod.java:207)
	at org.springframework.web.method.support.InvocableHandlerMethod.invokeForRequest(InvocableHandlerMethod.java:152)
	at org.springframework.web.servlet.mvc.method.annotation.ServletInvocableHandlerMethod.invokeAndHandle(ServletInvocableHandlerMethod.java:118)
	at org.springframework.web.servlet.mvc.method.annotation.RequestMappingHandlerAdapter.invokeHandlerMethod(RequestMappingHandlerAdapter.java:884)
	at org.springframework.web.servlet.mvc.method.annotation.RequestMappingHandlerAdapter.handleInternal(RequestMappingHandlerAdapter.java:797)
	at org.springframework.web.servlet.mvc.method.AbstractHandlerMethodAdapter.handle(AbstractHandlerMethodAdapter.java:87)
	at org.springframework.web.servlet.DispatcherServlet.doDispatch(DispatcherServlet.java:1081)
	at org.springframework.web.servlet.DispatcherServlet.doService(DispatcherServlet.java:974)
	at org.springframework.web.servlet.FrameworkServlet.processRequest(FrameworkServlet.java:1011)
	at org.springframework.web.servlet.FrameworkServlet.doGet(FrameworkServlet.java:903)
	at jakarta.servlet.http.HttpServlet.service(HttpServlet.java:537)
	at org.springframework.web.servlet.FrameworkServlet.service(FrameworkServlet.java:885)
	at jakarta.servlet.http.HttpServlet.service(HttpServlet.java:631)
	at org.apache.catalina.core.ApplicationFilterChain.internalDoFilter(ApplicationFilterChain.java:205)
	at org.apache.catalina.core.ApplicationFilterChain.doFilter(ApplicationFilterChain.java:149)
	at org.apache.tomcat.websocket.server.WsFilter.doFilter(WsFilter.java:53)
	at org.apache.catalina.core.ApplicationFilterChain.internalDoFilter(ApplicationFilterChain.java:174)
	at org.apache.catalina.core.ApplicationFilterChain.doFilter(ApplicationFilterChain.java:149)
	at org.springframework.web.filter.RequestContextFilter.doFilterInternal(RequestContextFilter.java:100)
	at org.springframework.web.filter.OncePerRequestFilter.doFilter(OncePerRequestFilter.java:116)
	at org.apache.catalina.core.ApplicationFilterChain.internalDoFilter(ApplicationFilterChain.java:174)
	at org.apache.catalina.core.ApplicationFilterChain.doFilter(ApplicationFilterChain.java:149)
	at org.springframework.web.filter.FormContentFilter.doFilterInternal(FormContentFilter.java:93)
	at org.springframework.web.filter.OncePerRequestFilter.doFilter(OncePerRequestFilter.java:116)
	at org.apache.catalina.core.ApplicationFilterChain.internalDoFilter(ApplicationFilterChain.java:174)
	at org.apache.catalina.core.ApplicationFilterChain.doFilter(ApplicationFilterChain.java:149)
	at org.springframework.web.filter.ServerHttpObservationFilter.doFilterInternal(ServerHttpObservationFilter.java:109)
	at org.springframework.web.filter.OncePerRequestFilter.doFilter(OncePerRequestFilter.java:116)
	at org.apache.catalina.core.ApplicationFilterChain.internalDoFilter(ApplicationFilterChain.java:174)
	at org.apache.catalina.core.ApplicationFilterChain.doFilter(ApplicationFilterChain.java:149)
	at org.springframework.web.filter.CharacterEncodingFilter.doFilterInternal(CharacterEncodingFilter.java:201)
	at org.springframework.web.filter.OncePerRequestFilter.doFilter(OncePerRequestFilter.java:116)
	at org.apache.catalina.core.ApplicationFilterChain.internalDoFilter(ApplicationFilterChain.java:174)
	at org.apache.catalina.core.ApplicationFilterChain.doFilter(ApplicationFilterChain.java:149)
	at org.apache.catalina.core.StandardWrapperValve.invoke(StandardWrapperValve.java:166)
	at org.apache.catalina.core.StandardContextValve.invoke(StandardContextValve.java:90)
	at org.apache.catalina.authenticator.AuthenticatorBase.invoke(AuthenticatorBase.java:493)
	at org.apache.catalina.core.StandardHostValve.invoke(StandardHostValve.java:115)
	at org.apache.catalina.valves.ErrorReportValve.invoke(ErrorReportValve.java:93)
	at org.apache.catalina.core.StandardEngineValve.invoke(StandardEngineValve.java:74)
	at org.apache.catalina.connector.CoyoteAdapter.service(CoyoteAdapter.java:341)
	at org.apache.coyote.http11.Http11Processor.service(Http11Processor.java:390)
	at org.apache.coyote.AbstractProcessorLight.process(AbstractProcessorLight.java:63)
	at org.apache.coyote.AbstractProtocol$ConnectionHandler.process(AbstractProtocol.java:894)
	at org.apache.tomcat.util.net.NioEndpoint$SocketProcessor.doRun(NioEndpoint.java:1741)
	at org.apache.tomcat.util.net.SocketProcessorBase.run(SocketProcessorBase.java:52)
	at org.apache.tomcat.util.threads.ThreadPoolExecutor.runWorker(ThreadPoolExecutor.java:1191)
	at org.apache.tomcat.util.threads.ThreadPoolExecutor$Worker.run(ThreadPoolExecutor.java:659)
	at org.apache.tomcat.util.threads.TaskThread$WrappingRunnable.run(TaskThread.java:61)
	at java.base/java.lang.Thread.run(Thread.java:840)
Caused by: com.sun.mail.smtp.SMTPAddressFailedException: 550 Invalid User: 13888888888

	at com.sun.mail.smtp.SMTPTransport.rcptTo(SMTPTransport.java:1867)
	... 60 common frames omitted
2026-06-24 22:04:21.334 [http-nio-8081-exec-2] WARN  c.b.m.core.toolkit.support.ReflectLambdaMeta-Unable to make field private final java.lang.Class java.lang.invoke.SerializedLambda.capturingClass accessible: module java.base does not "opens java.lang.invoke" to unnamed module @62379589
2026-06-24 22:31:00.257 [SpringApplicationShutdownHook] INFO  com.zaxxer.hikari.HikariDataSource-SPHHikariPool - Shutdown initiated...
2026-06-24 22:31:00.258 [SpringApplicationShutdownHook] INFO  com.zaxxer.hikari.HikariDataSource-SPHHikariPool - Shutdown completed.
