2026-06-22 15:51:32.125 [main] INFO  com.atguigu.lease.web.app.AppWebApplication-Starting AppWebApplication using Java 17.0.17 with PID 22396 (D:\java-project\xaingmu\lease\web\web-app\target\classes started by lenovo in D:\java-project\xaingmu\lease)
2026-06-22 15:51:32.126 [main] INFO  com.atguigu.lease.web.app.AppWebApplication-No active profile set, falling back to 1 default profile: "default"
2026-06-22 15:51:32.704 [main] INFO  o.s.d.r.config.RepositoryConfigurationDelegate-Multiple Spring Data modules found, entering strict repository configuration mode
2026-06-22 15:51:32.705 [main] INFO  o.s.d.r.config.RepositoryConfigurationDelegate-Bootstrapping Spring Data Redis repositories in DEFAULT mode.
2026-06-22 15:51:32.741 [main] INFO  o.s.d.r.config.RepositoryConfigurationDelegate-Finished Spring Data repository scanning in 24 ms. Found 0 Redis repository interfaces.
2026-06-22 15:51:33.166 [main] INFO  o.s.boot.web.embedded.tomcat.TomcatWebServer-Tomcat initialized with port(s): 8081 (http)
2026-06-22 15:51:33.173 [main] INFO  org.apache.coyote.http11.Http11NioProtocol-Initializing ProtocolHandler ["http-nio-8081"]
2026-06-22 15:51:33.173 [main] INFO  org.apache.catalina.core.StandardService-Starting service [Tomcat]
2026-06-22 15:51:33.173 [main] INFO  org.apache.catalina.core.StandardEngine-Starting Servlet engine: [Apache Tomcat/10.1.7]
2026-06-22 15:51:33.238 [main] INFO  o.a.c.core.ContainerBase.[Tomcat].[localhost].[/]-Initializing Spring embedded WebApplicationContext
2026-06-22 15:51:33.239 [main] INFO  o.s.b.w.s.c.ServletWebServerApplicationContext-Root WebApplicationContext: initialization completed in 1079 ms
2026-06-22 15:51:35.206 [main] INFO  org.apache.coyote.http11.Http11NioProtocol-Starting ProtocolHandler ["http-nio-8081"]
2026-06-22 15:51:35.230 [main] INFO  o.s.boot.web.embedded.tomcat.TomcatWebServer-Tomcat started on port(s): 8081 (http) with context path ''
2026-06-22 15:51:35.239 [main] INFO  com.atguigu.lease.web.app.AppWebApplication-Started AppWebApplication in 3.4 seconds (process running for 4.075)
2026-06-22 15:52:55.107 [main] INFO  com.atguigu.lease.web.app.AppWebApplication-Starting AppWebApplication using Java 17.0.17 with PID 37276 (D:\java-project\xaingmu\lease\web\web-app\target\classes started by lenovo in D:\java-project\xaingmu\lease)
2026-06-22 15:52:55.109 [main] INFO  com.atguigu.lease.web.app.AppWebApplication-No active profile set, falling back to 1 default profile: "default"
2026-06-22 15:52:55.639 [main] INFO  o.s.d.r.config.RepositoryConfigurationDelegate-Multiple Spring Data modules found, entering strict repository configuration mode
2026-06-22 15:52:55.640 [main] INFO  o.s.d.r.config.RepositoryConfigurationDelegate-Bootstrapping Spring Data Redis repositories in DEFAULT mode.
2026-06-22 15:52:55.672 [main] INFO  o.s.d.r.config.RepositoryConfigurationDelegate-Finished Spring Data repository scanning in 21 ms. Found 0 Redis repository interfaces.
2026-06-22 15:52:56.081 [main] INFO  o.s.boot.web.embedded.tomcat.TomcatWebServer-Tomcat initialized with port(s): 8081 (http)
2026-06-22 15:52:56.088 [main] INFO  org.apache.coyote.http11.Http11NioProtocol-Initializing ProtocolHandler ["http-nio-8081"]
2026-06-22 15:52:56.088 [main] INFO  org.apache.catalina.core.StandardService-Starting service [Tomcat]
2026-06-22 15:52:56.088 [main] INFO  org.apache.catalina.core.StandardEngine-Starting Servlet engine: [Apache Tomcat/10.1.7]
2026-06-22 15:52:56.157 [main] INFO  o.a.c.core.ContainerBase.[Tomcat].[localhost].[/]-Initializing Spring embedded WebApplicationContext
2026-06-22 15:52:56.158 [main] INFO  o.s.b.w.s.c.ServletWebServerApplicationContext-Root WebApplicationContext: initialization completed in 1017 ms
2026-06-22 15:52:57.857 [main] INFO  org.apache.coyote.http11.Http11NioProtocol-Starting ProtocolHandler ["http-nio-8081"]
2026-06-22 15:52:57.876 [main] INFO  o.s.boot.web.embedded.tomcat.TomcatWebServer-Tomcat started on port(s): 8081 (http) with context path ''
2026-06-22 15:52:57.884 [main] INFO  com.atguigu.lease.web.app.AppWebApplication-Started AppWebApplication in 3.068 seconds (process running for 3.7)
2026-06-22 15:53:21.115 [http-nio-8081-exec-1] INFO  o.a.c.core.ContainerBase.[Tomcat].[localhost].[/]-Initializing Spring DispatcherServlet 'dispatcherServlet'
2026-06-22 15:53:21.115 [http-nio-8081-exec-1] INFO  org.springframework.web.servlet.DispatcherServlet-Initializing Servlet 'dispatcherServlet'
2026-06-22 15:53:21.116 [http-nio-8081-exec-1] INFO  org.springframework.web.servlet.DispatcherServlet-Completed initialization in 1 ms
2026-06-22 15:53:21.379 [http-nio-8081-exec-1] INFO  org.springdoc.api.AbstractOpenApiResource-Init duration for springdoc-openapi is: 230 ms
2026-06-22 15:53:31.346 [http-nio-8081-exec-3] WARN  c.b.m.core.toolkit.support.ReflectLambdaMeta-Unable to make field private final java.lang.Class java.lang.invoke.SerializedLambda.capturingClass accessible: module java.base does not "opens java.lang.invoke" to unnamed module @59474f18
2026-06-22 15:53:31.355 [http-nio-8081-exec-3] INFO  com.zaxxer.hikari.HikariDataSource-SPHHikariPool - Starting...
2026-06-22 15:53:31.478 [http-nio-8081-exec-3] INFO  com.zaxxer.hikari.pool.HikariPool-SPHHikariPool - Added connection com.mysql.cj.jdbc.ConnectionImpl@2529ae5c
2026-06-22 15:53:31.482 [http-nio-8081-exec-3] INFO  com.zaxxer.hikari.HikariDataSource-SPHHikariPool - Start completed.
2026-06-22 15:54:21.246 [http-nio-8081-exec-6] INFO  org.springdoc.api.AbstractOpenApiResource-Init duration for springdoc-openapi is: 224 ms
2026-06-22 16:33:24.639 [SpringApplicationShutdownHook] INFO  com.zaxxer.hikari.HikariDataSource-SPHHikariPool - Shutdown initiated...
2026-06-22 16:33:24.641 [SpringApplicationShutdownHook] INFO  com.zaxxer.hikari.HikariDataSource-SPHHikariPool - Shutdown completed.
2026-06-22 16:33:29.152 [main] INFO  com.atguigu.lease.web.app.AppWebApplication-Starting AppWebApplication using Java 17.0.17 with PID 37440 (D:\java-project\xaingmu\lease\web\web-app\target\classes started by lenovo in D:\java-project\xaingmu\lease)
2026-06-22 16:33:29.154 [main] INFO  com.atguigu.lease.web.app.AppWebApplication-No active profile set, falling back to 1 default profile: "default"
2026-06-22 16:33:29.734 [main] INFO  o.s.d.r.config.RepositoryConfigurationDelegate-Multiple Spring Data modules found, entering strict repository configuration mode
2026-06-22 16:33:29.736 [main] INFO  o.s.d.r.config.RepositoryConfigurationDelegate-Bootstrapping Spring Data Redis repositories in DEFAULT mode.
2026-06-22 16:33:29.768 [main] INFO  o.s.d.r.config.RepositoryConfigurationDelegate-Finished Spring Data repository scanning in 23 ms. Found 0 Redis repository interfaces.
2026-06-22 16:33:30.176 [main] INFO  o.s.boot.web.embedded.tomcat.TomcatWebServer-Tomcat initialized with port(s): 8081 (http)
2026-06-22 16:33:30.183 [main] INFO  org.apache.coyote.http11.Http11NioProtocol-Initializing ProtocolHandler ["http-nio-8081"]
2026-06-22 16:33:30.184 [main] INFO  org.apache.catalina.core.StandardService-Starting service [Tomcat]
2026-06-22 16:33:30.184 [main] INFO  org.apache.catalina.core.StandardEngine-Starting Servlet engine: [Apache Tomcat/10.1.7]
2026-06-22 16:33:30.259 [main] INFO  o.a.c.core.ContainerBase.[Tomcat].[localhost].[/]-Initializing Spring embedded WebApplicationContext
2026-06-22 16:33:30.260 [main] INFO  o.s.b.w.s.c.ServletWebServerApplicationContext-Root WebApplicationContext: initialization completed in 1072 ms
2026-06-22 16:33:32.121 [main] INFO  org.apache.coyote.http11.Http11NioProtocol-Starting ProtocolHandler ["http-nio-8081"]
2026-06-22 16:33:32.142 [main] INFO  o.s.boot.web.embedded.tomcat.TomcatWebServer-Tomcat started on port(s): 8081 (http) with context path ''
2026-06-22 16:33:32.150 [main] INFO  com.atguigu.lease.web.app.AppWebApplication-Started AppWebApplication in 3.299 seconds (process running for 3.922)
2026-06-22 16:33:40.226 [http-nio-8081-exec-1] INFO  o.a.c.core.ContainerBase.[Tomcat].[localhost].[/]-Initializing Spring DispatcherServlet 'dispatcherServlet'
2026-06-22 16:33:40.227 [http-nio-8081-exec-1] INFO  org.springframework.web.servlet.DispatcherServlet-Initializing Servlet 'dispatcherServlet'
2026-06-22 16:33:40.228 [http-nio-8081-exec-1] INFO  org.springframework.web.servlet.DispatcherServlet-Completed initialization in 1 ms
2026-06-22 16:33:40.614 [http-nio-8081-exec-1] INFO  org.springdoc.api.AbstractOpenApiResource-Init duration for springdoc-openapi is: 352 ms
2026-06-22 16:33:43.494 [http-nio-8081-exec-4] INFO  org.springdoc.api.AbstractOpenApiResource-Init duration for springdoc-openapi is: 74 ms
2026-06-22 16:33:52.050 [http-nio-8081-exec-7] WARN  c.b.m.core.toolkit.support.ReflectLambdaMeta-Unable to make field private final java.lang.Class java.lang.invoke.SerializedLambda.capturingClass accessible: module java.base does not "opens java.lang.invoke" to unnamed module @3e694b3f
2026-06-22 16:33:52.060 [http-nio-8081-exec-7] INFO  com.zaxxer.hikari.HikariDataSource-SPHHikariPool - Starting...
2026-06-22 16:33:52.185 [http-nio-8081-exec-7] INFO  com.zaxxer.hikari.pool.HikariPool-SPHHikariPool - Added connection com.mysql.cj.jdbc.ConnectionImpl@62cb8302
2026-06-22 16:33:52.187 [http-nio-8081-exec-7] INFO  com.zaxxer.hikari.HikariDataSource-SPHHikariPool - Start completed.
2026-06-22 16:48:18.338 [SpringApplicationShutdownHook] INFO  com.zaxxer.hikari.HikariDataSource-SPHHikariPool - Shutdown initiated...
2026-06-22 16:48:18.340 [SpringApplicationShutdownHook] INFO  com.zaxxer.hikari.HikariDataSource-SPHHikariPool - Shutdown completed.
2026-06-22 16:49:26.287 [main] INFO  com.atguigu.lease.web.app.AppWebApplication-Starting AppWebApplication using Java 17.0.17 with PID 6280 (D:\java-project\xaingmu\lease\web\web-app\target\classes started by lenovo in D:\java-project\xaingmu\lease)
2026-06-22 16:49:26.289 [main] INFO  com.atguigu.lease.web.app.AppWebApplication-No active profile set, falling back to 1 default profile: "default"
2026-06-22 16:49:26.949 [main] INFO  o.s.d.r.config.RepositoryConfigurationDelegate-Multiple Spring Data modules found, entering strict repository configuration mode
2026-06-22 16:49:26.950 [main] INFO  o.s.d.r.config.RepositoryConfigurationDelegate-Bootstrapping Spring Data Redis repositories in DEFAULT mode.
2026-06-22 16:49:26.982 [main] INFO  o.s.d.r.config.RepositoryConfigurationDelegate-Finished Spring Data repository scanning in 23 ms. Found 0 Redis repository interfaces.
2026-06-22 16:49:27.396 [main] INFO  o.s.boot.web.embedded.tomcat.TomcatWebServer-Tomcat initialized with port(s): 8081 (http)
2026-06-22 16:49:27.405 [main] INFO  org.apache.coyote.http11.Http11NioProtocol-Initializing ProtocolHandler ["http-nio-8081"]
2026-06-22 16:49:27.405 [main] INFO  org.apache.catalina.core.StandardService-Starting service [Tomcat]
2026-06-22 16:49:27.405 [main] INFO  org.apache.catalina.core.StandardEngine-Starting Servlet engine: [Apache Tomcat/10.1.7]
2026-06-22 16:49:27.477 [main] INFO  o.a.c.core.ContainerBase.[Tomcat].[localhost].[/]-Initializing Spring embedded WebApplicationContext
2026-06-22 16:49:27.477 [main] INFO  o.s.b.w.s.c.ServletWebServerApplicationContext-Root WebApplicationContext: initialization completed in 1150 ms
2026-06-22 16:49:29.290 [main] INFO  org.apache.coyote.http11.Http11NioProtocol-Starting ProtocolHandler ["http-nio-8081"]
2026-06-22 16:49:29.309 [main] INFO  o.s.boot.web.embedded.tomcat.TomcatWebServer-Tomcat started on port(s): 8081 (http) with context path ''
2026-06-22 16:49:29.316 [main] INFO  com.atguigu.lease.web.app.AppWebApplication-Started AppWebApplication in 3.348 seconds (process running for 3.962)
2026-06-22 18:16:09.117 [main] INFO  com.atguigu.lease.web.app.AppWebApplication-Starting AppWebApplication using Java 17.0.17 with PID 35744 (D:\java-project\xaingmu\lease\web\web-app\target\classes started by lenovo in D:\java-project\xaingmu\lease)
2026-06-22 18:16:09.119 [main] INFO  com.atguigu.lease.web.app.AppWebApplication-No active profile set, falling back to 1 default profile: "default"
2026-06-22 18:16:09.748 [main] INFO  o.s.d.r.config.RepositoryConfigurationDelegate-Multiple Spring Data modules found, entering strict repository configuration mode
2026-06-22 18:16:09.750 [main] INFO  o.s.d.r.config.RepositoryConfigurationDelegate-Bootstrapping Spring Data Redis repositories in DEFAULT mode.
2026-06-22 18:16:09.787 [main] INFO  o.s.d.r.config.RepositoryConfigurationDelegate-Finished Spring Data repository scanning in 28 ms. Found 0 Redis repository interfaces.
2026-06-22 18:16:10.263 [main] INFO  o.s.boot.web.embedded.tomcat.TomcatWebServer-Tomcat initialized with port(s): 8081 (http)
2026-06-22 18:16:10.271 [main] INFO  org.apache.coyote.http11.Http11NioProtocol-Initializing ProtocolHandler ["http-nio-8081"]
2026-06-22 18:16:10.272 [main] INFO  org.apache.catalina.core.StandardService-Starting service [Tomcat]
2026-06-22 18:16:10.272 [main] INFO  org.apache.catalina.core.StandardEngine-Starting Servlet engine: [Apache Tomcat/10.1.7]
2026-06-22 18:16:10.344 [main] INFO  o.a.c.core.ContainerBase.[Tomcat].[localhost].[/]-Initializing Spring embedded WebApplicationContext
2026-06-22 18:16:10.345 [main] INFO  o.s.b.w.s.c.ServletWebServerApplicationContext-Root WebApplicationContext: initialization completed in 1180 ms
2026-06-22 18:16:12.813 [main] INFO  org.apache.coyote.http11.Http11NioProtocol-Starting ProtocolHandler ["http-nio-8081"]
2026-06-22 18:16:12.842 [main] INFO  o.s.boot.web.embedded.tomcat.TomcatWebServer-Tomcat started on port(s): 8081 (http) with context path ''
2026-06-22 18:16:12.853 [main] INFO  com.atguigu.lease.web.app.AppWebApplication-Started AppWebApplication in 4.066 seconds (process running for 4.753)
2026-06-22 18:17:34.737 [http-nio-8081-exec-4] INFO  o.a.c.core.ContainerBase.[Tomcat].[localhost].[/]-Initializing Spring DispatcherServlet 'dispatcherServlet'
2026-06-22 18:17:34.737 [http-nio-8081-exec-4] INFO  org.springframework.web.servlet.DispatcherServlet-Initializing Servlet 'dispatcherServlet'
2026-06-22 18:17:34.739 [http-nio-8081-exec-4] INFO  org.springframework.web.servlet.DispatcherServlet-Completed initialization in 2 ms
2026-06-22 19:13:59.518 [main] INFO  com.atguigu.lease.web.app.AppWebApplication-Starting AppWebApplication using Java 17.0.17 with PID 24652 (D:\java-project\xaingmu\lease\web\web-app\target\classes started by lenovo in D:\java-project\xaingmu\lease)
2026-06-22 19:13:59.522 [main] INFO  com.atguigu.lease.web.app.AppWebApplication-No active profile set, falling back to 1 default profile: "default"
2026-06-22 19:14:00.516 [main] INFO  o.s.d.r.config.RepositoryConfigurationDelegate-Multiple Spring Data modules found, entering strict repository configuration mode
2026-06-22 19:14:00.519 [main] INFO  o.s.d.r.config.RepositoryConfigurationDelegate-Bootstrapping Spring Data Redis repositories in DEFAULT mode.
2026-06-22 19:14:00.575 [main] INFO  o.s.d.r.config.RepositoryConfigurationDelegate-Finished Spring Data repository scanning in 39 ms. Found 0 Redis repository interfaces.
2026-06-22 19:14:01.267 [main] INFO  o.s.boot.web.embedded.tomcat.TomcatWebServer-Tomcat initialized with port(s): 8081 (http)
2026-06-22 19:14:01.287 [main] INFO  org.apache.coyote.http11.Http11NioProtocol-Initializing ProtocolHandler ["http-nio-8081"]
2026-06-22 19:14:01.289 [main] INFO  org.apache.catalina.core.StandardService-Starting service [Tomcat]
2026-06-22 19:14:01.289 [main] INFO  org.apache.catalina.core.StandardEngine-Starting Servlet engine: [Apache Tomcat/10.1.7]
2026-06-22 19:14:01.407 [main] INFO  o.a.c.core.ContainerBase.[Tomcat].[localhost].[/]-Initializing Spring embedded WebApplicationContext
2026-06-22 19:14:01.408 [main] INFO  o.s.b.w.s.c.ServletWebServerApplicationContext-Root WebApplicationContext: initialization completed in 1815 ms
2026-06-22 19:14:04.979 [main] INFO  org.apache.coyote.http11.Http11NioProtocol-Starting ProtocolHandler ["http-nio-8081"]
2026-06-22 19:14:05.011 [main] INFO  o.s.boot.web.embedded.tomcat.TomcatWebServer-Tomcat started on port(s): 8081 (http) with context path ''
2026-06-22 19:14:05.025 [main] INFO  com.atguigu.lease.web.app.AppWebApplication-Started AppWebApplication in 5.982 seconds (process running for 7.063)
2026-06-22 19:15:14.426 [http-nio-8081-exec-1] INFO  o.a.c.core.ContainerBase.[Tomcat].[localhost].[/]-Initializing Spring DispatcherServlet 'dispatcherServlet'
2026-06-22 19:15:14.430 [http-nio-8081-exec-1] INFO  org.springframework.web.servlet.DispatcherServlet-Initializing Servlet 'dispatcherServlet'
2026-06-22 19:15:14.431 [http-nio-8081-exec-1] INFO  org.springframework.web.servlet.DispatcherServlet-Completed initialization in 1 ms
2026-06-22 19:46:02.205 [http-nio-8081-exec-2] INFO  org.springdoc.api.AbstractOpenApiResource-Init duration for springdoc-openapi is: 481 ms
2026-06-22 19:46:36.815 [http-nio-8081-exec-4] ERROR o.a.c.c.C.[.[localhost].[/].[dispatcherServlet]-Servlet.service() for servlet [dispatcherServlet] in context with path [] threw exception [Request processing failed: LeaseException(code=504)] with root cause
com.atguigu.lease.common.eception.LeaseException: 验证法发送过于频繁
	at com.atguigu.lease.web.app.service.impl.LoginServiceImpl.getCode(LoginServiceImpl.java:39)
	at com.atguigu.lease.web.app.controller.login.LoginController.getCode(LoginController.java:24)
	at java.base/jdk.internal.reflect.NativeMethodAccessorImpl.invoke0(Native Method)
	at java.base/jdk.internal.reflect.NativeMethodAccessorImpl.invoke(NativeMethodAccessorImpl.java:77)
	at java.base/jdk.internal.reflect.DelegatingMethodAccessorImpl.invoke(DelegatingMethodAccessorImpl.java:43)
	at java.base/java.lang.reflect.Method.invoke(Method.java:569)
	at org.springframework.web.method.support.InvocableHandlerMethod.doInvoke(InvocableHandlerMethod.java:207)
	at org.springframework.web.method.support.InvocableHandlerMethod.invokeForRequest(InvocableHandlerMethod.java:152)
	at org.springframework.web.servlet.mvc.method.annotation.ServletInvocableHandlerMethod.invokeAndHandle(ServletInvocableHandlerMethod.java:118)
	at org.springframework.web.servlet.mvc.method.annotation.RequestMappingHandlerAdapter.invokeHandlerMethod(RequestMappingHandlerAdapter.java:884)
	at org.springframework.web.servlet.mvc.method.annotation.RequestMappingHandlerAdapter.handleInternal(RequestMappingHandlerAdapter.java:797)
	at org.springframework.web.servlet.mvc.method.AbstractHandlerMethodAdapter.handle(AbstractHandlerMethodAdapter.java:87)
	at org.springframework.web.servlet.DispatcherServlet.doDispatch(DispatcherServlet.java:1081)
	at org.springframework.web.servlet.DispatcherServlet.doService(DispatcherServlet.java:974)
	at org.springframework.web.servlet.FrameworkServlet.processRequest(FrameworkServlet.java:1011)
	at org.springframework.web.servlet.FrameworkServlet.doGet(FrameworkServlet.java:903)
	at jakarta.servlet.http.HttpServlet.service(HttpServlet.java:537)
	at org.springframework.web.servlet.FrameworkServlet.service(FrameworkServlet.java:885)
	at jakarta.servlet.http.HttpServlet.service(HttpServlet.java:631)
	at org.apache.catalina.core.ApplicationFilterChain.internalDoFilter(ApplicationFilterChain.java:205)
	at org.apache.catalina.core.ApplicationFilterChain.doFilter(ApplicationFilterChain.java:149)
	at org.apache.tomcat.websocket.server.WsFilter.doFilter(WsFilter.java:53)
	at org.apache.catalina.core.ApplicationFilterChain.internalDoFilter(ApplicationFilterChain.java:174)
	at org.apache.catalina.core.ApplicationFilterChain.doFilter(ApplicationFilterChain.java:149)
	at org.springframework.web.filter.RequestContextFilter.doFilterInternal(RequestContextFilter.java:100)
	at org.springframework.web.filter.OncePerRequestFilter.doFilter(OncePerRequestFilter.java:116)
	at org.apache.catalina.core.ApplicationFilterChain.internalDoFilter(ApplicationFilterChain.java:174)
	at org.apache.catalina.core.ApplicationFilterChain.doFilter(ApplicationFilterChain.java:149)
	at org.springframework.web.filter.FormContentFilter.doFilterInternal(FormContentFilter.java:93)
	at org.springframework.web.filter.OncePerRequestFilter.doFilter(OncePerRequestFilter.java:116)
	at org.apache.catalina.core.ApplicationFilterChain.internalDoFilter(ApplicationFilterChain.java:174)
	at org.apache.catalina.core.ApplicationFilterChain.doFilter(ApplicationFilterChain.java:149)
	at org.springframework.web.filter.CharacterEncodingFilter.doFilterInternal(CharacterEncodingFilter.java:201)
	at org.springframework.web.filter.OncePerRequestFilter.doFilter(OncePerRequestFilter.java:116)
	at org.apache.catalina.core.ApplicationFilterChain.internalDoFilter(ApplicationFilterChain.java:174)
	at org.apache.catalina.core.ApplicationFilterChain.doFilter(ApplicationFilterChain.java:149)
	at org.apache.catalina.core.StandardWrapperValve.invoke(StandardWrapperValve.java:166)
	at org.apache.catalina.core.StandardContextValve.invoke(StandardContextValve.java:90)
	at org.apache.catalina.authenticator.AuthenticatorBase.invoke(AuthenticatorBase.java:493)
	at org.apache.catalina.core.StandardHostValve.invoke(StandardHostValve.java:115)
	at org.apache.catalina.valves.ErrorReportValve.invoke(ErrorReportValve.java:93)
	at org.apache.catalina.core.StandardEngineValve.invoke(StandardEngineValve.java:74)
	at org.apache.catalina.connector.CoyoteAdapter.service(CoyoteAdapter.java:341)
	at org.apache.coyote.http11.Http11Processor.service(Http11Processor.java:390)
	at org.apache.coyote.AbstractProcessorLight.process(AbstractProcessorLight.java:63)
	at org.apache.coyote.AbstractProtocol$ConnectionHandler.process(AbstractProtocol.java:894)
	at org.apache.tomcat.util.net.NioEndpoint$SocketProcessor.doRun(NioEndpoint.java:1741)
	at org.apache.tomcat.util.net.SocketProcessorBase.run(SocketProcessorBase.java:52)
	at org.apache.tomcat.util.threads.ThreadPoolExecutor.runWorker(ThreadPoolExecutor.java:1191)
	at org.apache.tomcat.util.threads.ThreadPoolExecutor$Worker.run(ThreadPoolExecutor.java:659)
	at org.apache.tomcat.util.threads.TaskThread$WrappingRunnable.run(TaskThread.java:61)
	at java.base/java.lang.Thread.run(Thread.java:840)
2026-06-22 19:48:37.243 [main] INFO  com.atguigu.lease.web.app.AppWebApplication-Starting AppWebApplication using Java 17.0.17 with PID 15772 (D:\java-project\xaingmu\lease\web\web-app\target\classes started by lenovo in D:\java-project\xaingmu\lease)
2026-06-22 19:48:37.247 [main] INFO  com.atguigu.lease.web.app.AppWebApplication-No active profile set, falling back to 1 default profile: "default"
2026-06-22 19:48:38.227 [main] INFO  o.s.d.r.config.RepositoryConfigurationDelegate-Multiple Spring Data modules found, entering strict repository configuration mode
2026-06-22 19:48:38.230 [main] INFO  o.s.d.r.config.RepositoryConfigurationDelegate-Bootstrapping Spring Data Redis repositories in DEFAULT mode.
2026-06-22 19:48:38.291 [main] INFO  o.s.d.r.config.RepositoryConfigurationDelegate-Finished Spring Data repository scanning in 43 ms. Found 0 Redis repository interfaces.
2026-06-22 19:48:39.047 [main] INFO  o.s.boot.web.embedded.tomcat.TomcatWebServer-Tomcat initialized with port(s): 8081 (http)
2026-06-22 19:48:39.059 [main] INFO  org.apache.coyote.http11.Http11NioProtocol-Initializing ProtocolHandler ["http-nio-8081"]
2026-06-22 19:48:39.059 [main] INFO  org.apache.catalina.core.StandardService-Starting service [Tomcat]
2026-06-22 19:48:39.059 [main] INFO  org.apache.catalina.core.StandardEngine-Starting Servlet engine: [Apache Tomcat/10.1.7]
2026-06-22 19:48:39.177 [main] INFO  o.a.c.core.ContainerBase.[Tomcat].[localhost].[/]-Initializing Spring embedded WebApplicationContext
2026-06-22 19:48:39.177 [main] INFO  o.s.b.w.s.c.ServletWebServerApplicationContext-Root WebApplicationContext: initialization completed in 1858 ms
2026-06-22 19:48:42.460 [main] INFO  org.apache.coyote.http11.Http11NioProtocol-Starting ProtocolHandler ["http-nio-8081"]
2026-06-22 19:48:42.488 [main] INFO  o.s.boot.web.embedded.tomcat.TomcatWebServer-Tomcat started on port(s): 8081 (http) with context path ''
2026-06-22 19:48:42.500 [main] INFO  com.atguigu.lease.web.app.AppWebApplication-Started AppWebApplication in 5.758 seconds (process running for 6.848)
2026-06-22 19:48:45.582 [http-nio-8081-exec-1] INFO  o.a.c.core.ContainerBase.[Tomcat].[localhost].[/]-Initializing Spring DispatcherServlet 'dispatcherServlet'
2026-06-22 19:48:45.582 [http-nio-8081-exec-1] INFO  org.springframework.web.servlet.DispatcherServlet-Initializing Servlet 'dispatcherServlet'
2026-06-22 19:48:45.583 [http-nio-8081-exec-1] INFO  org.springframework.web.servlet.DispatcherServlet-Completed initialization in 1 ms
2026-06-22 19:48:45.630 [http-nio-8081-exec-1] INFO  c.a.lease.web.app.service.impl.LoginServiceImpl-发送验证码：8959
2026-06-22 19:50:19.860 [http-nio-8081-exec-4] INFO  c.a.lease.web.app.service.impl.LoginServiceImpl-发送验证码：8959
2026-06-22 19:50:36.427 [http-nio-8081-exec-7] WARN  o.s.w.s.m.support.DefaultHandlerExceptionResolver-Resolved [org.springframework.web.HttpRequestMethodNotSupportedException: Request method 'GET' is not supported]
2026-06-22 19:51:21.911 [http-nio-8081-exec-2] WARN  c.b.m.core.toolkit.support.ReflectLambdaMeta-Unable to make field private final java.lang.Class java.lang.invoke.SerializedLambda.capturingClass accessible: module java.base does not "opens java.lang.invoke" to unnamed module @3e694b3f
2026-06-22 19:51:21.933 [http-nio-8081-exec-2] INFO  com.zaxxer.hikari.HikariDataSource-SPHHikariPool - Starting...
2026-06-22 19:51:22.178 [http-nio-8081-exec-2] INFO  com.zaxxer.hikari.pool.HikariPool-SPHHikariPool - Added connection com.mysql.cj.jdbc.ConnectionImpl@3c6a6be0
2026-06-22 19:51:22.180 [http-nio-8081-exec-2] INFO  com.zaxxer.hikari.HikariDataSource-SPHHikariPool - Start completed.
2026-06-22 19:53:36.557 [http-nio-8081-exec-9] INFO  c.a.lease.web.app.service.impl.RoomInfoServiceImpl-getDtailById:13
2026-06-22 19:53:53.210 [http-nio-8081-exec-6] INFO  c.a.lease.web.app.service.impl.RoomInfoServiceImpl-getDtailById:2
2026-06-22 19:54:36.339 [http-nio-8081-exec-2] INFO  c.a.lease.web.app.service.impl.RoomInfoServiceImpl-getDtailById:2
2026-06-22 19:55:05.868 [http-nio-8081-exec-10] INFO  c.a.lease.web.app.service.impl.RoomInfoServiceImpl-getDtailById:10
2026-06-22 19:55:25.088 [http-nio-8081-exec-7] INFO  c.a.lease.web.app.service.impl.RoomInfoServiceImpl-getDtailById:9
2026-06-22 19:55:29.022 [http-nio-8081-exec-4] INFO  c.a.lease.web.app.service.impl.RoomInfoServiceImpl-getDtailById:17
2026-06-22 19:56:29.315 [http-nio-8081-exec-3] INFO  c.a.lease.web.app.service.impl.RoomInfoServiceImpl-getDtailById:2
2026-06-22 19:58:00.545 [SpringApplicationShutdownHook] INFO  com.zaxxer.hikari.HikariDataSource-SPHHikariPool - Shutdown initiated...
2026-06-22 19:58:00.554 [SpringApplicationShutdownHook] INFO  com.zaxxer.hikari.HikariDataSource-SPHHikariPool - Shutdown completed.
2026-06-22 19:58:07.350 [main] INFO  com.atguigu.lease.web.app.AppWebApplication-Starting AppWebApplication using Java 17.0.17 with PID 31920 (D:\java-project\xaingmu\lease\web\web-app\target\classes started by lenovo in D:\java-project\xaingmu\lease)
2026-06-22 19:58:07.354 [main] INFO  com.atguigu.lease.web.app.AppWebApplication-No active profile set, falling back to 1 default profile: "default"
2026-06-22 19:58:08.379 [main] INFO  o.s.d.r.config.RepositoryConfigurationDelegate-Multiple Spring Data modules found, entering strict repository configuration mode
2026-06-22 19:58:08.382 [main] INFO  o.s.d.r.config.RepositoryConfigurationDelegate-Bootstrapping Spring Data Redis repositories in DEFAULT mode.
2026-06-22 19:58:08.441 [main] INFO  o.s.d.r.config.RepositoryConfigurationDelegate-Finished Spring Data repository scanning in 43 ms. Found 0 Redis repository interfaces.
2026-06-22 19:58:09.187 [main] INFO  o.s.boot.web.embedded.tomcat.TomcatWebServer-Tomcat initialized with port(s): 8081 (http)
2026-06-22 19:58:09.207 [main] INFO  org.apache.coyote.http11.Http11NioProtocol-Initializing ProtocolHandler ["http-nio-8081"]
2026-06-22 19:58:09.207 [main] INFO  org.apache.catalina.core.StandardService-Starting service [Tomcat]
2026-06-22 19:58:09.208 [main] INFO  org.apache.catalina.core.StandardEngine-Starting Servlet engine: [Apache Tomcat/10.1.7]
2026-06-22 19:58:09.333 [main] INFO  o.a.c.core.ContainerBase.[Tomcat].[localhost].[/]-Initializing Spring embedded WebApplicationContext
2026-06-22 19:58:09.335 [main] INFO  o.s.b.w.s.c.ServletWebServerApplicationContext-Root WebApplicationContext: initialization completed in 1909 ms
2026-06-22 19:58:12.727 [main] INFO  org.apache.coyote.http11.Http11NioProtocol-Starting ProtocolHandler ["http-nio-8081"]
2026-06-22 19:58:12.759 [main] INFO  o.s.boot.web.embedded.tomcat.TomcatWebServer-Tomcat started on port(s): 8081 (http) with context path ''
2026-06-22 19:58:12.773 [main] INFO  com.atguigu.lease.web.app.AppWebApplication-Started AppWebApplication in 5.938 seconds (process running for 7.073)
2026-06-22 19:58:15.224 [http-nio-8081-exec-3] INFO  o.a.c.core.ContainerBase.[Tomcat].[localhost].[/]-Initializing Spring DispatcherServlet 'dispatcherServlet'
2026-06-22 19:58:15.224 [http-nio-8081-exec-3] INFO  org.springframework.web.servlet.DispatcherServlet-Initializing Servlet 'dispatcherServlet'
2026-06-22 19:58:15.225 [http-nio-8081-exec-3] INFO  org.springframework.web.servlet.DispatcherServlet-Completed initialization in 1 ms
2026-06-22 19:58:15.424 [http-nio-8081-exec-1] INFO  com.zaxxer.hikari.HikariDataSource-SPHHikariPool - Starting...
2026-06-22 19:58:15.684 [http-nio-8081-exec-1] INFO  com.zaxxer.hikari.pool.HikariPool-SPHHikariPool - Added connection com.mysql.cj.jdbc.ConnectionImpl@37cdf39
2026-06-22 19:58:15.686 [http-nio-8081-exec-1] INFO  com.zaxxer.hikari.HikariDataSource-SPHHikariPool - Start completed.
2026-06-22 19:58:48.269 [http-nio-8081-exec-5] INFO  c.a.lease.web.app.service.impl.LoginServiceImpl-发送验证码：8959
2026-06-22 19:58:53.981 [http-nio-8081-exec-2] WARN  c.b.m.core.toolkit.support.ReflectLambdaMeta-Unable to make field private final java.lang.Class java.lang.invoke.SerializedLambda.capturingClass accessible: module java.base does not "opens java.lang.invoke" to unnamed module @3e694b3f
2026-06-22 19:58:55.851 [http-nio-8081-exec-1] INFO  c.a.lease.web.app.service.impl.RoomInfoServiceImpl-getDtailById:2
2026-06-22 19:58:55.985 [http-nio-8081-exec-1] INFO  c.a.lease.web.app.service.impl.RoomInfoServiceImpl-保存用户浏览历史
2026-06-22 19:59:06.420 [http-nio-8081-exec-3] INFO  c.a.lease.web.app.service.impl.RoomInfoServiceImpl-getDtailById:3
2026-06-22 19:59:06.529 [http-nio-8081-exec-3] INFO  c.a.lease.web.app.service.impl.RoomInfoServiceImpl-保存用户浏览历史
2026-06-22 20:00:06.237 [SpringApplicationShutdownHook] INFO  com.zaxxer.hikari.HikariDataSource-SPHHikariPool - Shutdown initiated...
2026-06-22 20:00:06.247 [SpringApplicationShutdownHook] INFO  com.zaxxer.hikari.HikariDataSource-SPHHikariPool - Shutdown completed.
2026-06-22 20:00:12.411 [main] INFO  com.atguigu.lease.web.app.AppWebApplication-Starting AppWebApplication using Java 17.0.17 with PID 31404 (D:\java-project\xaingmu\lease\web\web-app\target\classes started by lenovo in D:\java-project\xaingmu\lease)
2026-06-22 20:00:12.415 [main] INFO  com.atguigu.lease.web.app.AppWebApplication-No active profile set, falling back to 1 default profile: "default"
2026-06-22 20:00:13.415 [main] INFO  o.s.d.r.config.RepositoryConfigurationDelegate-Multiple Spring Data modules found, entering strict repository configuration mode
2026-06-22 20:00:13.418 [main] INFO  o.s.d.r.config.RepositoryConfigurationDelegate-Bootstrapping Spring Data Redis repositories in DEFAULT mode.
2026-06-22 20:00:13.475 [main] INFO  o.s.d.r.config.RepositoryConfigurationDelegate-Finished Spring Data repository scanning in 41 ms. Found 0 Redis repository interfaces.
2026-06-22 20:00:14.210 [main] INFO  o.s.boot.web.embedded.tomcat.TomcatWebServer-Tomcat initialized with port(s): 8081 (http)
2026-06-22 20:00:14.223 [main] INFO  org.apache.coyote.http11.Http11NioProtocol-Initializing ProtocolHandler ["http-nio-8081"]
2026-06-22 20:00:14.224 [main] INFO  org.apache.catalina.core.StandardService-Starting service [Tomcat]
2026-06-22 20:00:14.224 [main] INFO  org.apache.catalina.core.StandardEngine-Starting Servlet engine: [Apache Tomcat/10.1.7]
2026-06-22 20:00:14.361 [main] INFO  o.a.c.core.ContainerBase.[Tomcat].[localhost].[/]-Initializing Spring embedded WebApplicationContext
2026-06-22 20:00:14.362 [main] INFO  o.s.b.w.s.c.ServletWebServerApplicationContext-Root WebApplicationContext: initialization completed in 1877 ms
2026-06-22 20:00:17.688 [main] INFO  org.apache.coyote.http11.Http11NioProtocol-Starting ProtocolHandler ["http-nio-8081"]
2026-06-22 20:00:17.717 [main] INFO  o.s.boot.web.embedded.tomcat.TomcatWebServer-Tomcat started on port(s): 8081 (http) with context path ''
2026-06-22 20:00:17.729 [main] INFO  com.atguigu.lease.web.app.AppWebApplication-Started AppWebApplication in 5.832 seconds (process running for 6.848)
2026-06-22 20:00:26.882 [http-nio-8081-exec-1] INFO  o.a.c.core.ContainerBase.[Tomcat].[localhost].[/]-Initializing Spring DispatcherServlet 'dispatcherServlet'
2026-06-22 20:00:26.882 [http-nio-8081-exec-1] INFO  org.springframework.web.servlet.DispatcherServlet-Initializing Servlet 'dispatcherServlet'
2026-06-22 20:00:26.885 [http-nio-8081-exec-1] INFO  org.springframework.web.servlet.DispatcherServlet-Completed initialization in 3 ms
2026-06-22 20:00:26.933 [http-nio-8081-exec-1] INFO  c.a.lease.web.app.service.impl.LoginServiceImpl-发送验证码：8959
2026-06-22 20:00:30.971 [http-nio-8081-exec-2] WARN  c.b.m.core.toolkit.support.ReflectLambdaMeta-Unable to make field private final java.lang.Class java.lang.invoke.SerializedLambda.capturingClass accessible: module java.base does not "opens java.lang.invoke" to unnamed module @59474f18
2026-06-22 20:00:30.990 [http-nio-8081-exec-2] INFO  com.zaxxer.hikari.HikariDataSource-SPHHikariPool - Starting...
2026-06-22 20:00:31.237 [http-nio-8081-exec-2] INFO  com.zaxxer.hikari.pool.HikariPool-SPHHikariPool - Added connection com.mysql.cj.jdbc.ConnectionImpl@167dfe86
2026-06-22 20:00:31.240 [http-nio-8081-exec-2] INFO  com.zaxxer.hikari.HikariDataSource-SPHHikariPool - Start completed.
2026-06-22 20:03:36.656 [SpringApplicationShutdownHook] INFO  com.zaxxer.hikari.HikariDataSource-SPHHikariPool - Shutdown initiated...
2026-06-22 20:03:36.664 [SpringApplicationShutdownHook] INFO  com.zaxxer.hikari.HikariDataSource-SPHHikariPool - Shutdown completed.
2026-06-22 20:03:43.171 [main] INFO  com.atguigu.lease.web.app.AppWebApplication-Starting AppWebApplication using Java 17.0.17 with PID 15556 (D:\java-project\xaingmu\lease\web\web-app\target\classes started by lenovo in D:\java-project\xaingmu\lease)
2026-06-22 20:03:43.174 [main] INFO  com.atguigu.lease.web.app.AppWebApplication-No active profile set, falling back to 1 default profile: "default"
2026-06-22 20:03:44.213 [main] INFO  o.s.d.r.config.RepositoryConfigurationDelegate-Multiple Spring Data modules found, entering strict repository configuration mode
2026-06-22 20:03:44.217 [main] INFO  o.s.d.r.config.RepositoryConfigurationDelegate-Bootstrapping Spring Data Redis repositories in DEFAULT mode.
2026-06-22 20:03:44.282 [main] INFO  o.s.d.r.config.RepositoryConfigurationDelegate-Finished Spring Data repository scanning in 47 ms. Found 0 Redis repository interfaces.
2026-06-22 20:03:45.081 [main] INFO  o.s.boot.web.embedded.tomcat.TomcatWebServer-Tomcat initialized with port(s): 8081 (http)
2026-06-22 20:03:45.102 [main] INFO  org.apache.coyote.http11.Http11NioProtocol-Initializing ProtocolHandler ["http-nio-8081"]
2026-06-22 20:03:45.105 [main] INFO  org.apache.catalina.core.StandardService-Starting service [Tomcat]
2026-06-22 20:03:45.105 [main] INFO  org.apache.catalina.core.StandardEngine-Starting Servlet engine: [Apache Tomcat/10.1.7]
2026-06-22 20:03:45.224 [main] INFO  o.a.c.core.ContainerBase.[Tomcat].[localhost].[/]-Initializing Spring embedded WebApplicationContext
2026-06-22 20:03:45.225 [main] INFO  o.s.b.w.s.c.ServletWebServerApplicationContext-Root WebApplicationContext: initialization completed in 1986 ms
2026-06-22 20:03:48.677 [main] INFO  org.apache.coyote.http11.Http11NioProtocol-Starting ProtocolHandler ["http-nio-8081"]
2026-06-22 20:03:48.706 [main] INFO  o.s.boot.web.embedded.tomcat.TomcatWebServer-Tomcat started on port(s): 8081 (http) with context path ''
2026-06-22 20:03:48.720 [main] INFO  com.atguigu.lease.web.app.AppWebApplication-Started AppWebApplication in 6.055 seconds (process running for 7.177)
2026-06-22 20:03:56.655 [main] INFO  com.atguigu.lease.web.app.AppWebApplication-Starting AppWebApplication using Java 17.0.17 with PID 18952 (D:\java-project\xaingmu\lease\web\web-app\target\classes started by lenovo in D:\java-project\xaingmu\lease)
2026-06-22 20:03:56.659 [main] INFO  com.atguigu.lease.web.app.AppWebApplication-No active profile set, falling back to 1 default profile: "default"
2026-06-22 20:03:57.692 [main] INFO  o.s.d.r.config.RepositoryConfigurationDelegate-Multiple Spring Data modules found, entering strict repository configuration mode
2026-06-22 20:03:57.695 [main] INFO  o.s.d.r.config.RepositoryConfigurationDelegate-Bootstrapping Spring Data Redis repositories in DEFAULT mode.
2026-06-22 20:03:57.758 [main] INFO  o.s.d.r.config.RepositoryConfigurationDelegate-Finished Spring Data repository scanning in 45 ms. Found 0 Redis repository interfaces.
2026-06-22 20:03:58.577 [main] INFO  o.s.boot.web.embedded.tomcat.TomcatWebServer-Tomcat initialized with port(s): 8081 (http)
2026-06-22 20:03:58.600 [main] INFO  org.apache.coyote.http11.Http11NioProtocol-Initializing ProtocolHandler ["http-nio-8081"]
2026-06-22 20:03:58.601 [main] INFO  org.apache.catalina.core.StandardService-Starting service [Tomcat]
2026-06-22 20:03:58.601 [main] INFO  org.apache.catalina.core.StandardEngine-Starting Servlet engine: [Apache Tomcat/10.1.7]
2026-06-22 20:03:58.748 [main] INFO  o.a.c.core.ContainerBase.[Tomcat].[localhost].[/]-Initializing Spring embedded WebApplicationContext
2026-06-22 20:03:58.748 [main] INFO  o.s.b.w.s.c.ServletWebServerApplicationContext-Root WebApplicationContext: initialization completed in 2016 ms
2026-06-22 20:04:02.459 [main] INFO  org.apache.coyote.http11.Http11NioProtocol-Starting ProtocolHandler ["http-nio-8081"]
2026-06-22 20:04:02.491 [main] INFO  o.s.boot.web.embedded.tomcat.TomcatWebServer-Tomcat started on port(s): 8081 (http) with context path ''
2026-06-22 20:04:02.504 [main] INFO  com.atguigu.lease.web.app.AppWebApplication-Started AppWebApplication in 6.363 seconds (process running for 7.43)
2026-06-22 20:04:06.053 [http-nio-8081-exec-1] INFO  o.a.c.core.ContainerBase.[Tomcat].[localhost].[/]-Initializing Spring DispatcherServlet 'dispatcherServlet'
2026-06-22 20:04:06.053 [http-nio-8081-exec-1] INFO  org.springframework.web.servlet.DispatcherServlet-Initializing Servlet 'dispatcherServlet'
2026-06-22 20:04:06.053 [http-nio-8081-exec-1] INFO  org.springframework.web.servlet.DispatcherServlet-Completed initialization in 0 ms
2026-06-22 20:04:06.102 [http-nio-8081-exec-1] INFO  c.a.lease.web.app.service.impl.LoginServiceImpl-发送验证码：8959
2026-06-22 20:04:11.855 [http-nio-8081-exec-2] WARN  c.b.m.core.toolkit.support.ReflectLambdaMeta-Unable to make field private final java.lang.Class java.lang.invoke.SerializedLambda.capturingClass accessible: module java.base does not "opens java.lang.invoke" to unnamed module @59474f18
2026-06-22 20:04:11.882 [http-nio-8081-exec-2] INFO  com.zaxxer.hikari.HikariDataSource-SPHHikariPool - Starting...
2026-06-22 20:04:12.161 [http-nio-8081-exec-2] INFO  com.zaxxer.hikari.pool.HikariPool-SPHHikariPool - Added connection com.mysql.cj.jdbc.ConnectionImpl@41f8ff69
2026-06-22 20:04:12.165 [http-nio-8081-exec-2] INFO  com.zaxxer.hikari.HikariDataSource-SPHHikariPool - Start completed.
2026-06-22 20:07:23.092 [http-nio-8081-exec-8] INFO  c.a.lease.web.app.service.impl.RoomInfoServiceImpl-getDtailById:3
2026-06-22 20:07:23.200 [http-nio-8081-exec-8] INFO  c.a.lease.web.app.service.impl.RoomInfoServiceImpl-保存用户浏览历史
2026-06-22 20:07:27.434 [http-nio-8081-exec-10] INFO  c.a.lease.web.app.service.impl.RoomInfoServiceImpl-getDtailById:3
2026-06-22 20:07:27.528 [http-nio-8081-exec-10] INFO  c.a.lease.web.app.service.impl.RoomInfoServiceImpl-保存用户浏览历史
2026-06-22 20:09:25.143 [SpringApplicationShutdownHook] INFO  com.zaxxer.hikari.HikariDataSource-SPHHikariPool - Shutdown initiated...
2026-06-22 20:09:25.150 [SpringApplicationShutdownHook] INFO  com.zaxxer.hikari.HikariDataSource-SPHHikariPool - Shutdown completed.
2026-06-22 20:09:31.523 [main] INFO  com.atguigu.lease.web.app.AppWebApplication-Starting AppWebApplication using Java 17.0.17 with PID 38588 (D:\java-project\xaingmu\lease\web\web-app\target\classes started by lenovo in D:\java-project\xaingmu\lease)
2026-06-22 20:09:31.527 [main] INFO  com.atguigu.lease.web.app.AppWebApplication-No active profile set, falling back to 1 default profile: "default"
2026-06-22 20:09:32.560 [main] INFO  o.s.d.r.config.RepositoryConfigurationDelegate-Multiple Spring Data modules found, entering strict repository configuration mode
2026-06-22 20:09:32.563 [main] INFO  o.s.d.r.config.RepositoryConfigurationDelegate-Bootstrapping Spring Data Redis repositories in DEFAULT mode.
2026-06-22 20:09:32.625 [main] INFO  o.s.d.r.config.RepositoryConfigurationDelegate-Finished Spring Data repository scanning in 45 ms. Found 0 Redis repository interfaces.
2026-06-22 20:09:33.415 [main] INFO  o.s.boot.web.embedded.tomcat.TomcatWebServer-Tomcat initialized with port(s): 8081 (http)
2026-06-22 20:09:33.432 [main] INFO  org.apache.coyote.http11.Http11NioProtocol-Initializing ProtocolHandler ["http-nio-8081"]
2026-06-22 20:09:33.434 [main] INFO  org.apache.catalina.core.StandardService-Starting service [Tomcat]
2026-06-22 20:09:33.435 [main] INFO  org.apache.catalina.core.StandardEngine-Starting Servlet engine: [Apache Tomcat/10.1.7]
2026-06-22 20:09:33.651 [main] INFO  o.a.c.core.ContainerBase.[Tomcat].[localhost].[/]-Initializing Spring embedded WebApplicationContext
2026-06-22 20:09:33.652 [main] INFO  o.s.b.w.s.c.ServletWebServerApplicationContext-Root WebApplicationContext: initialization completed in 2056 ms
2026-06-22 20:09:37.471 [main] INFO  org.apache.coyote.http11.Http11NioProtocol-Starting ProtocolHandler ["http-nio-8081"]
2026-06-22 20:09:37.506 [main] INFO  o.s.boot.web.embedded.tomcat.TomcatWebServer-Tomcat started on port(s): 8081 (http) with context path ''
2026-06-22 20:09:37.521 [main] INFO  com.atguigu.lease.web.app.AppWebApplication-Started AppWebApplication in 6.533 seconds (process running for 7.625)
2026-06-22 20:09:50.414 [http-nio-8081-exec-1] INFO  o.a.c.core.ContainerBase.[Tomcat].[localhost].[/]-Initializing Spring DispatcherServlet 'dispatcherServlet'
2026-06-22 20:09:50.414 [http-nio-8081-exec-1] INFO  org.springframework.web.servlet.DispatcherServlet-Initializing Servlet 'dispatcherServlet'
2026-06-22 20:09:50.416 [http-nio-8081-exec-1] INFO  org.springframework.web.servlet.DispatcherServlet-Completed initialization in 2 ms
2026-06-22 20:09:50.466 [http-nio-8081-exec-1] INFO  c.a.lease.web.app.service.impl.LoginServiceImpl-发送验证码：8959
2026-06-22 20:09:54.714 [http-nio-8081-exec-2] WARN  c.b.m.core.toolkit.support.ReflectLambdaMeta-Unable to make field private final java.lang.Class java.lang.invoke.SerializedLambda.capturingClass accessible: module java.base does not "opens java.lang.invoke" to unnamed module @3e694b3f
2026-06-22 20:09:54.731 [http-nio-8081-exec-2] INFO  com.zaxxer.hikari.HikariDataSource-SPHHikariPool - Starting...
2026-06-22 20:09:54.998 [http-nio-8081-exec-2] INFO  com.zaxxer.hikari.pool.HikariPool-SPHHikariPool - Added connection com.mysql.cj.jdbc.ConnectionImpl@517c4eb
2026-06-22 20:09:55.001 [http-nio-8081-exec-2] INFO  com.zaxxer.hikari.HikariDataSource-SPHHikariPool - Start completed.
2026-06-22 20:09:57.696 [http-nio-8081-exec-7] INFO  c.a.lease.web.app.service.impl.RoomInfoServiceImpl-getDtailById:2
2026-06-22 20:09:57.827 [http-nio-8081-exec-7] INFO  c.a.lease.web.app.service.impl.RoomInfoServiceImpl-保存用户浏览历史
2026-06-22 20:10:05.965 [http-nio-8081-exec-9] INFO  c.a.lease.web.app.service.impl.RoomInfoServiceImpl-getDtailById:2
2026-06-22 20:10:06.069 [http-nio-8081-exec-9] INFO  c.a.lease.web.app.service.impl.RoomInfoServiceImpl-保存用户浏览历史
2026-06-22 20:12:50.054 [http-nio-8081-exec-9] INFO  c.a.lease.web.app.service.impl.RoomInfoServiceImpl-getDtailById:2
2026-06-22 20:12:50.189 [http-nio-8081-exec-9] INFO  c.a.lease.web.app.service.impl.RoomInfoServiceImpl-保存用户浏览历史
2026-06-22 20:12:52.871 [http-nio-8081-exec-1] INFO  c.a.lease.web.app.service.impl.RoomInfoServiceImpl-getDtailById:2
2026-06-22 20:12:52.992 [http-nio-8081-exec-1] INFO  c.a.lease.web.app.service.impl.RoomInfoServiceImpl-保存用户浏览历史
2026-06-22 20:12:57.627 [http-nio-8081-exec-3] INFO  c.a.lease.web.app.service.impl.RoomInfoServiceImpl-getDtailById:2
2026-06-22 20:12:57.729 [http-nio-8081-exec-3] INFO  c.a.lease.web.app.service.impl.RoomInfoServiceImpl-保存用户浏览历史
2026-06-22 20:14:26.587 [SpringApplicationShutdownHook] INFO  com.zaxxer.hikari.HikariDataSource-SPHHikariPool - Shutdown initiated...
2026-06-22 20:14:26.596 [SpringApplicationShutdownHook] INFO  com.zaxxer.hikari.HikariDataSource-SPHHikariPool - Shutdown completed.
2026-06-22 20:14:34.377 [main] INFO  com.atguigu.lease.web.app.AppWebApplication-Starting AppWebApplication using Java 17.0.17 with PID 36516 (D:\java-project\xaingmu\lease\web\web-app\target\classes started by lenovo in D:\java-project\xaingmu\lease)
2026-06-22 20:14:34.382 [main] INFO  com.atguigu.lease.web.app.AppWebApplication-No active profile set, falling back to 1 default profile: "default"
2026-06-22 20:14:35.477 [main] INFO  o.s.d.r.config.RepositoryConfigurationDelegate-Multiple Spring Data modules found, entering strict repository configuration mode
2026-06-22 20:14:35.477 [main] INFO  o.s.d.r.config.RepositoryConfigurationDelegate-Bootstrapping Spring Data Redis repositories in DEFAULT mode.
2026-06-22 20:14:35.542 [main] INFO  o.s.d.r.config.RepositoryConfigurationDelegate-Finished Spring Data repository scanning in 47 ms. Found 0 Redis repository interfaces.
2026-06-22 20:14:36.533 [main] INFO  o.s.boot.web.embedded.tomcat.TomcatWebServer-Tomcat initialized with port(s): 8081 (http)
2026-06-22 20:14:36.548 [main] INFO  org.apache.coyote.http11.Http11NioProtocol-Initializing ProtocolHandler ["http-nio-8081"]
2026-06-22 20:14:36.550 [main] INFO  org.apache.catalina.core.StandardService-Starting service [Tomcat]
2026-06-22 20:14:36.550 [main] INFO  org.apache.catalina.core.StandardEngine-Starting Servlet engine: [Apache Tomcat/10.1.7]
2026-06-22 20:14:36.713 [main] INFO  o.a.c.core.ContainerBase.[Tomcat].[localhost].[/]-Initializing Spring embedded WebApplicationContext
2026-06-22 20:14:36.713 [main] INFO  o.s.b.w.s.c.ServletWebServerApplicationContext-Root WebApplicationContext: initialization completed in 2249 ms
2026-06-22 20:14:41.289 [main] INFO  org.apache.coyote.http11.Http11NioProtocol-Starting ProtocolHandler ["http-nio-8081"]
2026-06-22 20:14:41.323 [main] INFO  o.s.boot.web.embedded.tomcat.TomcatWebServer-Tomcat started on port(s): 8081 (http) with context path ''
2026-06-22 20:14:41.344 [main] INFO  com.atguigu.lease.web.app.AppWebApplication-Started AppWebApplication in 7.422 seconds (process running for 8.592)
2026-06-22 20:14:41.842 [http-nio-8081-exec-1] INFO  o.a.c.core.ContainerBase.[Tomcat].[localhost].[/]-Initializing Spring DispatcherServlet 'dispatcherServlet'
2026-06-22 20:14:41.842 [http-nio-8081-exec-1] INFO  org.springframework.web.servlet.DispatcherServlet-Initializing Servlet 'dispatcherServlet'
2026-06-22 20:14:41.844 [http-nio-8081-exec-1] INFO  org.springframework.web.servlet.DispatcherServlet-Completed initialization in 2 ms
2026-06-22 20:14:41.901 [http-nio-8081-exec-1] INFO  c.a.lease.web.app.service.impl.LoginServiceImpl-发送验证码：8959
2026-06-22 20:14:49.881 [http-nio-8081-exec-2] WARN  c.b.m.core.toolkit.support.ReflectLambdaMeta-Unable to make field private final java.lang.Class java.lang.invoke.SerializedLambda.capturingClass accessible: module java.base does not "opens java.lang.invoke" to unnamed module @59474f18
2026-06-22 20:14:49.903 [http-nio-8081-exec-2] INFO  com.zaxxer.hikari.HikariDataSource-SPHHikariPool - Starting...
2026-06-22 20:14:50.221 [http-nio-8081-exec-2] INFO  com.zaxxer.hikari.pool.HikariPool-SPHHikariPool - Added connection com.mysql.cj.jdbc.ConnectionImpl@4cfdb846
2026-06-22 20:14:50.224 [http-nio-8081-exec-2] INFO  com.zaxxer.hikari.HikariDataSource-SPHHikariPool - Start completed.
2026-06-22 20:14:53.101 [http-nio-8081-exec-7] INFO  c.a.lease.web.app.service.impl.RoomInfoServiceImpl-getDtailById:2
2026-06-22 20:14:53.252 [http-nio-8081-exec-7] INFO  c.a.lease.web.app.service.impl.RoomInfoServiceImpl-保存用户浏览历史
2026-06-22 20:17:24.637 [SpringApplicationShutdownHook] INFO  com.zaxxer.hikari.HikariDataSource-SPHHikariPool - Shutdown initiated...
2026-06-22 20:17:24.645 [SpringApplicationShutdownHook] INFO  com.zaxxer.hikari.HikariDataSource-SPHHikariPool - Shutdown completed.
2026-06-22 20:17:32.563 [main] INFO  com.atguigu.lease.web.app.AppWebApplication-Starting AppWebApplication using Java 17.0.17 with PID 29460 (D:\java-project\xaingmu\lease\web\web-app\target\classes started by lenovo in D:\java-project\xaingmu\lease)
2026-06-22 20:17:32.567 [main] INFO  com.atguigu.lease.web.app.AppWebApplication-No active profile set, falling back to 1 default profile: "default"
2026-06-22 20:17:33.697 [main] INFO  o.s.d.r.config.RepositoryConfigurationDelegate-Multiple Spring Data modules found, entering strict repository configuration mode
2026-06-22 20:17:33.701 [main] INFO  o.s.d.r.config.RepositoryConfigurationDelegate-Bootstrapping Spring Data Redis repositories in DEFAULT mode.
2026-06-22 20:17:33.774 [main] INFO  o.s.d.r.config.RepositoryConfigurationDelegate-Finished Spring Data repository scanning in 51 ms. Found 0 Redis repository interfaces.
2026-06-22 20:17:34.593 [main] INFO  o.s.boot.web.embedded.tomcat.TomcatWebServer-Tomcat initialized with port(s): 8081 (http)
2026-06-22 20:17:34.604 [main] INFO  org.apache.coyote.http11.Http11NioProtocol-Initializing ProtocolHandler ["http-nio-8081"]
2026-06-22 20:17:34.605 [main] INFO  org.apache.catalina.core.StandardService-Starting service [Tomcat]
2026-06-22 20:17:34.606 [main] INFO  org.apache.catalina.core.StandardEngine-Starting Servlet engine: [Apache Tomcat/10.1.7]
2026-06-22 20:17:34.734 [main] INFO  o.a.c.core.ContainerBase.[Tomcat].[localhost].[/]-Initializing Spring embedded WebApplicationContext
2026-06-22 20:17:34.735 [main] INFO  o.s.b.w.s.c.ServletWebServerApplicationContext-Root WebApplicationContext: initialization completed in 2088 ms
2026-06-22 20:17:38.727 [main] INFO  org.apache.coyote.http11.Http11NioProtocol-Starting ProtocolHandler ["http-nio-8081"]
2026-06-22 20:17:38.769 [main] INFO  o.s.boot.web.embedded.tomcat.TomcatWebServer-Tomcat started on port(s): 8081 (http) with context path ''
2026-06-22 20:17:38.784 [main] INFO  com.atguigu.lease.web.app.AppWebApplication-Started AppWebApplication in 6.824 seconds (process running for 8.111)
2026-06-22 20:17:45.645 [http-nio-8081-exec-1] INFO  o.a.c.core.ContainerBase.[Tomcat].[localhost].[/]-Initializing Spring DispatcherServlet 'dispatcherServlet'
2026-06-22 20:17:45.645 [http-nio-8081-exec-1] INFO  org.springframework.web.servlet.DispatcherServlet-Initializing Servlet 'dispatcherServlet'
2026-06-22 20:17:45.647 [http-nio-8081-exec-1] INFO  org.springframework.web.servlet.DispatcherServlet-Completed initialization in 2 ms
2026-06-22 20:17:45.697 [http-nio-8081-exec-1] INFO  c.a.lease.web.app.service.impl.LoginServiceImpl-发送验证码：8959
2026-06-22 20:17:50.194 [http-nio-8081-exec-5] WARN  c.b.m.core.toolkit.support.ReflectLambdaMeta-Unable to make field private final java.lang.Class java.lang.invoke.SerializedLambda.capturingClass accessible: module java.base does not "opens java.lang.invoke" to unnamed module @3e694b3f
2026-06-22 20:17:50.214 [http-nio-8081-exec-5] INFO  com.zaxxer.hikari.HikariDataSource-SPHHikariPool - Starting...
2026-06-22 20:17:50.511 [http-nio-8081-exec-5] INFO  com.zaxxer.hikari.pool.HikariPool-SPHHikariPool - Added connection com.mysql.cj.jdbc.ConnectionImpl@73b9a90f
2026-06-22 20:17:50.514 [http-nio-8081-exec-5] INFO  com.zaxxer.hikari.HikariDataSource-SPHHikariPool - Start completed.
2026-06-22 20:17:52.524 [http-nio-8081-exec-7] INFO  c.a.lease.web.app.service.impl.RoomInfoServiceImpl-getDtailById:2
2026-06-22 20:17:52.686 [http-nio-8081-exec-7] INFO  c.a.lease.web.app.service.impl.RoomInfoServiceImpl-保存用户浏览历史
2026-06-22 20:17:57.752 [http-nio-8081-exec-4] INFO  c.a.lease.web.app.service.impl.RoomInfoServiceImpl-getDtailById:2
2026-06-22 20:17:57.871 [http-nio-8081-exec-4] INFO  c.a.lease.web.app.service.impl.RoomInfoServiceImpl-保存用户浏览历史
2026-06-22 20:18:11.443 [http-nio-8081-exec-3] INFO  c.a.lease.web.app.service.impl.RoomInfoServiceImpl-getDtailById:8
2026-06-22 20:18:11.565 [http-nio-8081-exec-3] INFO  c.a.lease.web.app.service.impl.RoomInfoServiceImpl-保存用户浏览历史
2026-06-22 20:18:25.934 [http-nio-8081-exec-9] INFO  c.a.lease.web.app.service.impl.RoomInfoServiceImpl-getDtailById:8
2026-06-22 20:18:26.047 [http-nio-8081-exec-9] INFO  c.a.lease.web.app.service.impl.RoomInfoServiceImpl-保存用户浏览历史
2026-06-22 20:46:13.216 [lettuce-nioEventLoop-4-1] INFO  io.lettuce.core.protocol.CommandHandler-null Unexpected exception during request: java.net.SocketException: Connection reset
java.net.SocketException: Connection reset
	at java.base/sun.nio.ch.SocketChannelImpl.throwConnectionReset(SocketChannelImpl.java:394)
	at java.base/sun.nio.ch.SocketChannelImpl.read(SocketChannelImpl.java:426)
	at io.netty.buffer.PooledByteBuf.setBytes(PooledByteBuf.java:256)
	at io.netty.buffer.AbstractByteBuf.writeBytes(AbstractByteBuf.java:1132)
	at io.netty.channel.socket.nio.NioSocketChannel.doReadBytes(NioSocketChannel.java:357)
	at io.netty.channel.nio.AbstractNioByteChannel$NioByteUnsafe.read(AbstractNioByteChannel.java:151)
	at io.netty.channel.nio.NioEventLoop.processSelectedKey(NioEventLoop.java:788)
	at io.netty.channel.nio.NioEventLoop.processSelectedKeysOptimized(NioEventLoop.java:724)
	at io.netty.channel.nio.NioEventLoop.processSelectedKeys(NioEventLoop.java:650)
	at io.netty.channel.nio.NioEventLoop.run(NioEventLoop.java:562)
	at io.netty.util.concurrent.SingleThreadEventExecutor$4.run(SingleThreadEventExecutor.java:997)
	at io.netty.util.internal.ThreadExecutorMap$2.run(ThreadExecutorMap.java:74)
	at io.netty.util.concurrent.FastThreadLocalRunnable.run(FastThreadLocalRunnable.java:30)
	at java.base/java.lang.Thread.run(Thread.java:840)
2026-06-22 20:46:13.525 [lettuce-eventExecutorLoop-1-5] INFO  io.lettuce.core.protocol.ConnectionWatchdog-Reconnecting, last destination was /192.168.100.101:6379
2026-06-22 20:46:17.665 [http-nio-8081-exec-6] INFO  c.a.lease.web.app.service.impl.RoomInfoServiceImpl-getDtailById:8
2026-06-22 20:46:17.676 [http-nio-8081-exec-6] WARN  com.zaxxer.hikari.pool.PoolBase-SPHHikariPool - Failed to validate connection com.mysql.cj.jdbc.ConnectionImpl@400824c4 (No operations allowed after connection closed.). Possibly consider using a shorter maxLifetime value.
2026-06-22 20:46:17.678 [http-nio-8081-exec-6] WARN  com.zaxxer.hikari.pool.PoolBase-SPHHikariPool - Failed to validate connection com.mysql.cj.jdbc.ConnectionImpl@25e66336 (No operations allowed after connection closed.). Possibly consider using a shorter maxLifetime value.
2026-06-22 20:46:17.680 [http-nio-8081-exec-6] WARN  com.zaxxer.hikari.pool.PoolBase-SPHHikariPool - Failed to validate connection com.mysql.cj.jdbc.ConnectionImpl@738a0612 (No operations allowed after connection closed.). Possibly consider using a shorter maxLifetime value.
2026-06-22 20:46:17.681 [http-nio-8081-exec-6] WARN  com.zaxxer.hikari.pool.PoolBase-SPHHikariPool - Failed to validate connection com.mysql.cj.jdbc.ConnectionImpl@72a522a3 (No operations allowed after connection closed.). Possibly consider using a shorter maxLifetime value.
2026-06-22 20:46:17.683 [http-nio-8081-exec-6] WARN  com.zaxxer.hikari.pool.PoolBase-SPHHikariPool - Failed to validate connection com.mysql.cj.jdbc.ConnectionImpl@1fa902c8 (No operations allowed after connection closed.). Possibly consider using a shorter maxLifetime value.
2026-06-22 20:46:17.685 [http-nio-8081-exec-6] WARN  com.zaxxer.hikari.pool.PoolBase-SPHHikariPool - Failed to validate connection com.mysql.cj.jdbc.ConnectionImpl@9403dd8 (No operations allowed after connection closed.). Possibly consider using a shorter maxLifetime value.
2026-06-22 20:46:17.687 [http-nio-8081-exec-6] WARN  com.zaxxer.hikari.pool.PoolBase-SPHHikariPool - Failed to validate connection com.mysql.cj.jdbc.ConnectionImpl@2ad90074 (No operations allowed after connection closed.). Possibly consider using a shorter maxLifetime value.
2026-06-22 20:46:17.689 [http-nio-8081-exec-6] WARN  com.zaxxer.hikari.pool.PoolBase-SPHHikariPool - Failed to validate connection com.mysql.cj.jdbc.ConnectionImpl@2e7c2bf4 (No operations allowed after connection closed.). Possibly consider using a shorter maxLifetime value.
2026-06-22 20:46:17.689 [http-nio-8081-exec-6] WARN  com.zaxxer.hikari.pool.PoolBase-SPHHikariPool - Failed to validate connection com.mysql.cj.jdbc.ConnectionImpl@4cc444ef (No operations allowed after connection closed.). Possibly consider using a shorter maxLifetime value.
2026-06-22 20:46:17.689 [http-nio-8081-exec-6] WARN  com.zaxxer.hikari.pool.PoolBase-SPHHikariPool - Failed to validate connection com.mysql.cj.jdbc.ConnectionImpl@296ebdee (No operations allowed after connection closed.). Possibly consider using a shorter maxLifetime value.
2026-06-22 20:46:19.440 [lettuce-nioEventLoop-4-2] INFO  io.lettuce.core.protocol.ReconnectionHandler-Reconnected to 192.168.100.101/<unresolved>:6379
2026-06-22 20:46:20.059 [http-nio-8081-exec-6] INFO  c.a.lease.web.app.service.impl.RoomInfoServiceImpl-保存用户浏览历史
2026-06-22 20:46:40.908 [SPHHikariPool housekeeper] WARN  com.zaxxer.hikari.pool.HikariPool-SPHHikariPool - Thread starvation or clock leap detected (housekeeper delta=15m20s89ms93µs300ns).
2026-06-22 20:56:00.843 [SpringApplicationShutdownHook] INFO  com.zaxxer.hikari.HikariDataSource-SPHHikariPool - Shutdown initiated...
2026-06-22 20:56:00.844 [SpringApplicationShutdownHook] INFO  com.zaxxer.hikari.HikariDataSource-SPHHikariPool - Shutdown completed.
2026-06-22 21:15:52.431 [main] INFO  com.atguigu.lease.web.app.AppWebApplication-Starting AppWebApplication using Java 17.0.17 with PID 15048 (D:\java-project\xaingmu\lease\web\web-app\target\classes started by lenovo in D:\java-project\xaingmu\lease)
2026-06-22 21:15:52.434 [main] INFO  com.atguigu.lease.web.app.AppWebApplication-No active profile set, falling back to 1 default profile: "default"
2026-06-22 21:15:53.059 [main] INFO  o.s.d.r.config.RepositoryConfigurationDelegate-Multiple Spring Data modules found, entering strict repository configuration mode
2026-06-22 21:15:53.061 [main] INFO  o.s.d.r.config.RepositoryConfigurationDelegate-Bootstrapping Spring Data Redis repositories in DEFAULT mode.
2026-06-22 21:15:53.099 [main] INFO  o.s.d.r.config.RepositoryConfigurationDelegate-Finished Spring Data repository scanning in 26 ms. Found 0 Redis repository interfaces.
2026-06-22 21:15:53.561 [main] INFO  o.s.boot.web.embedded.tomcat.TomcatWebServer-Tomcat initialized with port(s): 8081 (http)
2026-06-22 21:15:53.569 [main] INFO  org.apache.coyote.http11.Http11NioProtocol-Initializing ProtocolHandler ["http-nio-8081"]
2026-06-22 21:15:53.571 [main] INFO  org.apache.catalina.core.StandardService-Starting service [Tomcat]
2026-06-22 21:15:53.571 [main] INFO  org.apache.catalina.core.StandardEngine-Starting Servlet engine: [Apache Tomcat/10.1.7]
2026-06-22 21:15:53.653 [main] INFO  o.a.c.core.ContainerBase.[Tomcat].[localhost].[/]-Initializing Spring embedded WebApplicationContext
2026-06-22 21:15:53.653 [main] INFO  o.s.b.w.s.c.ServletWebServerApplicationContext-Root WebApplicationContext: initialization completed in 1184 ms
2026-06-22 21:15:54.672 [main] WARN  o.s.b.w.s.c.AnnotationConfigServletWebServerApplicationContext-Exception encountered during context initialization - cancelling refresh attempt: org.springframework.beans.factory.UnsatisfiedDependencyException: Error creating bean with name 'roomController': Unsatisfied dependency expressed through field 'roomService': Error creating bean with name 'roomInfoServiceImpl': Unsatisfied dependency expressed through field 'redis': No qualifying bean of type 'org.springframework.data.redis.core.RedisTemplate<java.lang.String, java.lang.Object>' available: expected at least 1 bean which qualifies as autowire candidate. Dependency annotations: {@org.springframework.beans.factory.annotation.Autowired(required=true)}
2026-06-22 21:15:54.685 [main] INFO  org.apache.catalina.core.StandardService-Stopping service [Tomcat]
2026-06-22 21:15:54.697 [main] INFO  o.s.b.a.logging.ConditionEvaluationReportLogger-

Error starting ApplicationContext. To display the condition evaluation report re-run your application with 'debug' enabled.
2026-06-22 21:15:54.719 [main] ERROR o.s.b.diagnostics.LoggingFailureAnalysisReporter-

***************************
APPLICATION FAILED TO START
***************************

Description:

Field redis in com.atguigu.lease.web.app.service.impl.RoomInfoServiceImpl required a bean of type 'org.springframework.data.redis.core.RedisTemplate' that could not be found.

The injection point has the following annotations:
	- @org.springframework.beans.factory.annotation.Autowired(required=true)


Action:

Consider defining a bean of type 'org.springframework.data.redis.core.RedisTemplate' in your configuration.

2026-06-22 21:17:51.301 [main] INFO  com.atguigu.lease.web.app.AppWebApplication-Starting AppWebApplication using Java 17.0.17 with PID 23648 (D:\java-project\xaingmu\lease\web\web-app\target\classes started by lenovo in D:\java-project\xaingmu\lease)
2026-06-22 21:17:51.304 [main] INFO  com.atguigu.lease.web.app.AppWebApplication-No active profile set, falling back to 1 default profile: "default"
2026-06-22 21:17:51.861 [main] INFO  o.s.d.r.config.RepositoryConfigurationDelegate-Multiple Spring Data modules found, entering strict repository configuration mode
2026-06-22 21:17:51.862 [main] INFO  o.s.d.r.config.RepositoryConfigurationDelegate-Bootstrapping Spring Data Redis repositories in DEFAULT mode.
2026-06-22 21:17:51.893 [main] INFO  o.s.d.r.config.RepositoryConfigurationDelegate-Finished Spring Data repository scanning in 22 ms. Found 0 Redis repository interfaces.
2026-06-22 21:17:51.965 [main] WARN  org.mybatis.spring.mapper.ClassPathMapperScanner-Skipping MapperFactoryBean with name 'apartmentFacilityMapper' and 'com.atguigu.lease.web.app.mapper.ApartmentFacilityMapper' mapperInterface. Bean already defined with the same name!
2026-06-22 21:17:51.965 [main] WARN  org.mybatis.spring.mapper.ClassPathMapperScanner-Skipping MapperFactoryBean with name 'apartmentFeeValueMapper' and 'com.atguigu.lease.web.app.mapper.ApartmentFeeValueMapper' mapperInterface. Bean already defined with the same name!
2026-06-22 21:17:51.965 [main] WARN  org.mybatis.spring.mapper.ClassPathMapperScanner-Skipping MapperFactoryBean with name 'apartmentInfoMapper' and 'com.atguigu.lease.web.app.mapper.ApartmentInfoMapper' mapperInterface. Bean already defined with the same name!
2026-06-22 21:17:51.965 [main] WARN  org.mybatis.spring.mapper.ClassPathMapperScanner-Skipping MapperFactoryBean with name 'apartmentLabelMapper' and 'com.atguigu.lease.web.app.mapper.ApartmentLabelMapper' mapperInterface. Bean already defined with the same name!
2026-06-22 21:17:51.965 [main] WARN  org.mybatis.spring.mapper.ClassPathMapperScanner-Skipping MapperFactoryBean with name 'attrKeyMapper' and 'com.atguigu.lease.web.app.mapper.AttrKeyMapper' mapperInterface. Bean already defined with the same name!
2026-06-22 21:17:51.965 [main] WARN  org.mybatis.spring.mapper.ClassPathMapperScanner-Skipping MapperFactoryBean with name 'attrValueMapper' and 'com.atguigu.lease.web.app.mapper.AttrValueMapper' mapperInterface. Bean already defined with the same name!
2026-06-22 21:17:51.965 [main] WARN  org.mybatis.spring.mapper.ClassPathMapperScanner-Skipping MapperFactoryBean with name 'browsingHistoryMapper' and 'com.atguigu.lease.web.app.mapper.BrowsingHistoryMapper' mapperInterface. Bean already defined with the same name!
2026-06-22 21:17:51.965 [main] WARN  org.mybatis.spring.mapper.ClassPathMapperScanner-Skipping MapperFactoryBean with name 'cityInfoMapper' and 'com.atguigu.lease.web.app.mapper.CityInfoMapper' mapperInterface. Bean already defined with the same name!
2026-06-22 21:17:51.965 [main] WARN  org.mybatis.spring.mapper.ClassPathMapperScanner-Skipping MapperFactoryBean with name 'districtInfoMapper' and 'com.atguigu.lease.web.app.mapper.DistrictInfoMapper' mapperInterface. Bean already defined with the same name!
2026-06-22 21:17:51.965 [main] WARN  org.mybatis.spring.mapper.ClassPathMapperScanner-Skipping MapperFactoryBean with name 'facilityInfoMapper' and 'com.atguigu.lease.web.app.mapper.FacilityInfoMapper' mapperInterface. Bean already defined with the same name!
2026-06-22 21:17:51.965 [main] WARN  org.mybatis.spring.mapper.ClassPathMapperScanner-Skipping MapperFactoryBean with name 'feeKeyMapper' and 'com.atguigu.lease.web.app.mapper.FeeKeyMapper' mapperInterface. Bean already defined with the same name!
2026-06-22 21:17:51.965 [main] WARN  org.mybatis.spring.mapper.ClassPathMapperScanner-Skipping MapperFactoryBean with name 'feeValueMapper' and 'com.atguigu.lease.web.app.mapper.FeeValueMapper' mapperInterface. Bean already defined with the same name!
2026-06-22 21:17:51.965 [main] WARN  org.mybatis.spring.mapper.ClassPathMapperScanner-Skipping MapperFactoryBean with name 'graphInfoMapper' and 'com.atguigu.lease.web.app.mapper.GraphInfoMapper' mapperInterface. Bean already defined with the same name!
2026-06-22 21:17:51.965 [main] WARN  org.mybatis.spring.mapper.ClassPathMapperScanner-Skipping MapperFactoryBean with name 'labelInfoMapper' and 'com.atguigu.lease.web.app.mapper.LabelInfoMapper' mapperInterface. Bean already defined with the same name!
2026-06-22 21:17:51.965 [main] WARN  org.mybatis.spring.mapper.ClassPathMapperScanner-Skipping MapperFactoryBean with name 'leaseAgreementMapper' and 'com.atguigu.lease.web.app.mapper.LeaseAgreementMapper' mapperInterface. Bean already defined with the same name!
2026-06-22 21:17:51.965 [main] WARN  org.mybatis.spring.mapper.ClassPathMapperScanner-Skipping MapperFactoryBean with name 'leaseTermMapper' and 'com.atguigu.lease.web.app.mapper.LeaseTermMapper' mapperInterface. Bean already defined with the same name!
2026-06-22 21:17:51.965 [main] WARN  org.mybatis.spring.mapper.ClassPathMapperScanner-Skipping MapperFactoryBean with name 'paymentTypeMapper' and 'com.atguigu.lease.web.app.mapper.PaymentTypeMapper' mapperInterface. Bean already defined with the same name!
2026-06-22 21:17:51.965 [main] WARN  org.mybatis.spring.mapper.ClassPathMapperScanner-Skipping MapperFactoryBean with name 'provinceInfoMapper' and 'com.atguigu.lease.web.app.mapper.ProvinceInfoMapper' mapperInterface. Bean already defined with the same name!
2026-06-22 21:17:51.965 [main] WARN  org.mybatis.spring.mapper.ClassPathMapperScanner-Skipping MapperFactoryBean with name 'roomAttrValueMapper' and 'com.atguigu.lease.web.app.mapper.RoomAttrValueMapper' mapperInterface. Bean already defined with the same name!
2026-06-22 21:17:51.965 [main] WARN  org.mybatis.spring.mapper.ClassPathMapperScanner-Skipping MapperFactoryBean with name 'roomFacilityMapper' and 'com.atguigu.lease.web.app.mapper.RoomFacilityMapper' mapperInterface. Bean already defined with the same name!
2026-06-22 21:17:51.965 [main] WARN  org.mybatis.spring.mapper.ClassPathMapperScanner-Skipping MapperFactoryBean with name 'roomInfoMapper' and 'com.atguigu.lease.web.app.mapper.RoomInfoMapper' mapperInterface. Bean already defined with the same name!
2026-06-22 21:17:51.967 [main] WARN  org.mybatis.spring.mapper.ClassPathMapperScanner-Skipping MapperFactoryBean with name 'roomLabelMapper' and 'com.atguigu.lease.web.app.mapper.RoomLabelMapper' mapperInterface. Bean already defined with the same name!
2026-06-22 21:17:51.967 [main] WARN  org.mybatis.spring.mapper.ClassPathMapperScanner-Skipping MapperFactoryBean with name 'roomLeaseTermMapper' and 'com.atguigu.lease.web.app.mapper.RoomLeaseTermMapper' mapperInterface. Bean already defined with the same name!
2026-06-22 21:17:51.967 [main] WARN  org.mybatis.spring.mapper.ClassPathMapperScanner-Skipping MapperFactoryBean with name 'roomPaymentTypeMapper' and 'com.atguigu.lease.web.app.mapper.RoomPaymentTypeMapper' mapperInterface. Bean already defined with the same name!
2026-06-22 21:17:51.967 [main] WARN  org.mybatis.spring.mapper.ClassPathMapperScanner-Skipping MapperFactoryBean with name 'userInfoMapper' and 'com.atguigu.lease.web.app.mapper.UserInfoMapper' mapperInterface. Bean already defined with the same name!
2026-06-22 21:17:51.967 [main] WARN  org.mybatis.spring.mapper.ClassPathMapperScanner-Skipping MapperFactoryBean with name 'viewAppointmentMapper' and 'com.atguigu.lease.web.app.mapper.ViewAppointmentMapper' mapperInterface. Bean already defined with the same name!
2026-06-22 21:17:51.967 [main] WARN  org.mybatis.spring.mapper.ClassPathMapperScanner-No MyBatis mapper was found in '[com.atguigu.lease.web.app.mapper]' package. Please check your configuration.
2026-06-22 21:17:52.332 [main] INFO  o.s.boot.web.embedded.tomcat.TomcatWebServer-Tomcat initialized with port(s): 8081 (http)
2026-06-22 21:17:52.338 [main] INFO  org.apache.coyote.http11.Http11NioProtocol-Initializing ProtocolHandler ["http-nio-8081"]
2026-06-22 21:17:52.339 [main] INFO  org.apache.catalina.core.StandardService-Starting service [Tomcat]
2026-06-22 21:17:52.339 [main] INFO  org.apache.catalina.core.StandardEngine-Starting Servlet engine: [Apache Tomcat/10.1.7]
2026-06-22 21:17:52.403 [main] INFO  o.a.c.core.ContainerBase.[Tomcat].[localhost].[/]-Initializing Spring embedded WebApplicationContext
2026-06-22 21:17:52.403 [main] INFO  o.s.b.w.s.c.ServletWebServerApplicationContext-Root WebApplicationContext: initialization completed in 1063 ms
2026-06-22 21:17:53.407 [main] WARN  o.s.b.w.s.c.AnnotationConfigServletWebServerApplicationContext-Exception encountered during context initialization - cancelling refresh attempt: org.springframework.beans.factory.BeanCreationException: Error creating bean with name 'client' defined in class path resource [com/atguigu/lease/common/Minio/MinioConfiguration.class]: Failed to instantiate [io.minio.MinioClient]: Factory method 'client' threw exception with message: endpoint must not be null.
2026-06-22 21:17:53.418 [main] INFO  org.apache.catalina.core.StandardService-Stopping service [Tomcat]
2026-06-22 21:17:53.427 [main] INFO  o.s.b.a.logging.ConditionEvaluationReportLogger-

Error starting ApplicationContext. To display the condition evaluation report re-run your application with 'debug' enabled.
2026-06-22 21:17:53.437 [main] ERROR org.springframework.boot.SpringApplication-Application run failed
org.springframework.beans.factory.BeanCreationException: Error creating bean with name 'client' defined in class path resource [com/atguigu/lease/common/Minio/MinioConfiguration.class]: Failed to instantiate [io.minio.MinioClient]: Factory method 'client' threw exception with message: endpoint must not be null.
	at org.springframework.beans.factory.support.ConstructorResolver.instantiate(ConstructorResolver.java:657)
	at org.springframework.beans.factory.support.ConstructorResolver.instantiateUsingFactoryMethod(ConstructorResolver.java:491)
	at org.springframework.beans.factory.support.AbstractAutowireCapableBeanFactory.instantiateUsingFactoryMethod(AbstractAutowireCapableBeanFactory.java:1332)
	at org.springframework.beans.factory.support.AbstractAutowireCapableBeanFactory.createBeanInstance(AbstractAutowireCapableBeanFactory.java:1162)
	at org.springframework.beans.factory.support.AbstractAutowireCapableBeanFactory.doCreateBean(AbstractAutowireCapableBeanFactory.java:560)
	at org.springframework.beans.factory.support.AbstractAutowireCapableBeanFactory.createBean(AbstractAutowireCapableBeanFactory.java:520)
	at org.springframework.beans.factory.support.AbstractBeanFactory.lambda$doGetBean$0(AbstractBeanFactory.java:326)
	at org.springframework.beans.factory.support.DefaultSingletonBeanRegistry.getSingleton(DefaultSingletonBeanRegistry.java:234)
	at org.springframework.beans.factory.support.AbstractBeanFactory.doGetBean(AbstractBeanFactory.java:324)
	at org.springframework.beans.factory.support.AbstractBeanFactory.getBean(AbstractBeanFactory.java:200)
	at org.springframework.beans.factory.support.DefaultListableBeanFactory.preInstantiateSingletons(DefaultListableBeanFactory.java:973)
	at org.springframework.context.support.AbstractApplicationContext.finishBeanFactoryInitialization(AbstractApplicationContext.java:917)
	at org.springframework.context.support.AbstractApplicationContext.refresh(AbstractApplicationContext.java:584)
	at org.springframework.boot.web.servlet.context.ServletWebServerApplicationContext.refresh(ServletWebServerApplicationContext.java:146)
	at org.springframework.boot.SpringApplication.refresh(SpringApplication.java:732)
	at org.springframework.boot.SpringApplication.refreshContext(SpringApplication.java:434)
	at org.springframework.boot.SpringApplication.run(SpringApplication.java:310)
	at org.springframework.boot.SpringApplication.run(SpringApplication.java:1304)
	at org.springframework.boot.SpringApplication.run(SpringApplication.java:1293)
	at com.atguigu.lease.web.app.AppWebApplication.main(AppWebApplication.java:16)
Caused by: org.springframework.beans.BeanInstantiationException: Failed to instantiate [io.minio.MinioClient]: Factory method 'client' threw exception with message: endpoint must not be null.
	at org.springframework.beans.factory.support.SimpleInstantiationStrategy.instantiate(SimpleInstantiationStrategy.java:171)
	at org.springframework.beans.factory.support.ConstructorResolver.instantiate(ConstructorResolver.java:653)
	... 19 common frames omitted
Caused by: java.lang.IllegalArgumentException: endpoint must not be null.
	at io.minio.MinioClient$Builder.validateNotNull(MinioClient.java:2741)
	at io.minio.MinioClient$Builder.validateNotEmptyString(MinioClient.java:2746)
	at io.minio.MinioClient$Builder.getBaseUrl(MinioClient.java:2790)
	at io.minio.MinioClient$Builder.endpoint(MinioClient.java:2803)
	at com.atguigu.lease.common.Minio.MinioConfiguration.client(MinioConfiguration.java:25)
	at com.atguigu.lease.common.Minio.MinioConfiguration$$SpringCGLIB$$0.CGLIB$client$0(<generated>)
	at com.atguigu.lease.common.Minio.MinioConfiguration$$SpringCGLIB$$2.invoke(<generated>)
	at org.springframework.cglib.proxy.MethodProxy.invokeSuper(MethodProxy.java:258)
	at org.springframework.context.annotation.ConfigurationClassEnhancer$BeanMethodInterceptor.intercept(ConfigurationClassEnhancer.java:331)
	at com.atguigu.lease.common.Minio.MinioConfiguration$$SpringCGLIB$$0.client(<generated>)
	at java.base/jdk.internal.reflect.NativeMethodAccessorImpl.invoke0(Native Method)
	at java.base/jdk.internal.reflect.NativeMethodAccessorImpl.invoke(NativeMethodAccessorImpl.java:77)
	at java.base/jdk.internal.reflect.DelegatingMethodAccessorImpl.invoke(DelegatingMethodAccessorImpl.java:43)
	at java.base/java.lang.reflect.Method.invoke(Method.java:569)
	at org.springframework.beans.factory.support.SimpleInstantiationStrategy.instantiate(SimpleInstantiationStrategy.java:139)
	... 20 common frames omitted
